Archive member included to satisfy reference by file (symbol)

D:/dokumenty/STM32CubeIDE_1.13.1/STM32CubeIDE_1.14.1/STM32CubeIDE/plugins/com.st.stm32cube.ide.mcu.externaltools.gnu-tools-for-stm32.11.3.rel1.win32_1.1.100.202309141235/tools/bin/../lib/gcc/arm-none-eabi/11.3.1/../../../../arm-none-eabi/lib/thumb/v7-m/nofp\libc_nano.a(libc_a-atoi.o)
                              ./libs/SCPI_lib.o (atoi)
D:/dokumenty/STM32CubeIDE_1.13.1/STM32CubeIDE_1.14.1/STM32CubeIDE/plugins/com.st.stm32cube.ide.mcu.externaltools.gnu-tools-for-stm32.11.3.rel1.win32_1.1.100.202309141235/tools/bin/../lib/gcc/arm-none-eabi/11.3.1/../../../../arm-none-eabi/lib/thumb/v7-m/nofp\libc_nano.a(libc_a-calloc.o)
                              ./libs/SCPI_lib.o (calloc)
D:/dokumenty/STM32CubeIDE_1.13.1/STM32CubeIDE_1.14.1/STM32CubeIDE/plugins/com.st.stm32cube.ide.mcu.externaltools.gnu-tools-for-stm32.11.3.rel1.win32_1.1.100.202309141235/tools/bin/../lib/gcc/arm-none-eabi/11.3.1/../../../../arm-none-eabi/lib/thumb/v7-m/nofp\libc_nano.a(libc_a-callocr.o)
                              D:/dokumenty/STM32CubeIDE_1.13.1/STM32CubeIDE_1.14.1/STM32CubeIDE/plugins/com.st.stm32cube.ide.mcu.externaltools.gnu-tools-for-stm32.11.3.rel1.win32_1.1.100.202309141235/tools/bin/../lib/gcc/arm-none-eabi/11.3.1/../../../../arm-none-eabi/lib/thumb/v7-m/nofp\libc_nano.a(libc_a-calloc.o) (_calloc_r)
D:/dokumenty/STM32CubeIDE_1.13.1/STM32CubeIDE_1.14.1/STM32CubeIDE/plugins/com.st.stm32cube.ide.mcu.externaltools.gnu-tools-for-stm32.11.3.rel1.win32_1.1.100.202309141235/tools/bin/../lib/gcc/arm-none-eabi/11.3.1/../../../../arm-none-eabi/lib/thumb/v7-m/nofp\libc_nano.a(libc_a-exit.o)
                              D:/dokumenty/STM32CubeIDE_1.13.1/STM32CubeIDE_1.14.1/STM32CubeIDE/plugins/com.st.stm32cube.ide.mcu.externaltools.gnu-tools-for-stm32.11.3.rel1.win32_1.1.100.202309141235/tools/bin/../lib/gcc/arm-none-eabi/11.3.1/../../../../arm-none-eabi/lib/thumb/v7-m/nofp/crt0.o (exit)
D:/dokumenty/STM32CubeIDE_1.13.1/STM32CubeIDE_1.14.1/STM32CubeIDE/plugins/com.st.stm32cube.ide.mcu.externaltools.gnu-tools-for-stm32.11.3.rel1.win32_1.1.100.202309141235/tools/bin/../lib/gcc/arm-none-eabi/11.3.1/../../../../arm-none-eabi/lib/thumb/v7-m/nofp\libc_nano.a(libc_a-malloc.o)
                              ./libs/SCPI_lib.o (malloc)
D:/dokumenty/STM32CubeIDE_1.13.1/STM32CubeIDE_1.14.1/STM32CubeIDE/plugins/com.st.stm32cube.ide.mcu.externaltools.gnu-tools-for-stm32.11.3.rel1.win32_1.1.100.202309141235/tools/bin/../lib/gcc/arm-none-eabi/11.3.1/../../../../arm-none-eabi/lib/thumb/v7-m/nofp\libc_nano.a(libc_a-mallocr.o)
                              D:/dokumenty/STM32CubeIDE_1.13.1/STM32CubeIDE_1.14.1/STM32CubeIDE/plugins/com.st.stm32cube.ide.mcu.externaltools.gnu-tools-for-stm32.11.3.rel1.win32_1.1.100.202309141235/tools/bin/../lib/gcc/arm-none-eabi/11.3.1/../../../../arm-none-eabi/lib/thumb/v7-m/nofp\libc_nano.a(libc_a-callocr.o) (_malloc_r)
D:/dokumenty/STM32CubeIDE_1.13.1/STM32CubeIDE_1.14.1/STM32CubeIDE/plugins/com.st.stm32cube.ide.mcu.externaltools.gnu-tools-for-stm32.11.3.rel1.win32_1.1.100.202309141235/tools/bin/../lib/gcc/arm-none-eabi/11.3.1/../../../../arm-none-eabi/lib/thumb/v7-m/nofp\libc_nano.a(libc_a-mlock.o)
                              D:/dokumenty/STM32CubeIDE_1.13.1/STM32CubeIDE_1.14.1/STM32CubeIDE/plugins/com.st.stm32cube.ide.mcu.externaltools.gnu-tools-for-stm32.11.3.rel1.win32_1.1.100.202309141235/tools/bin/../lib/gcc/arm-none-eabi/11.3.1/../../../../arm-none-eabi/lib/thumb/v7-m/nofp\libc_nano.a(libc_a-mallocr.o) (__malloc_lock)
D:/dokumenty/STM32CubeIDE_1.13.1/STM32CubeIDE_1.14.1/STM32CubeIDE/plugins/com.st.stm32cube.ide.mcu.externaltools.gnu-tools-for-stm32.11.3.rel1.win32_1.1.100.202309141235/tools/bin/../lib/gcc/arm-none-eabi/11.3.1/../../../../arm-none-eabi/lib/thumb/v7-m/nofp\libc_nano.a(libc_a-realloc.o)
                              ./libs/SCPI_lib.o (realloc)
D:/dokumenty/STM32CubeIDE_1.13.1/STM32CubeIDE_1.14.1/STM32CubeIDE/plugins/com.st.stm32cube.ide.mcu.externaltools.gnu-tools-for-stm32.11.3.rel1.win32_1.1.100.202309141235/tools/bin/../lib/gcc/arm-none-eabi/11.3.1/../../../../arm-none-eabi/lib/thumb/v7-m/nofp\libc_nano.a(libc_a-reallocr.o)
                              D:/dokumenty/STM32CubeIDE_1.13.1/STM32CubeIDE_1.14.1/STM32CubeIDE/plugins/com.st.stm32cube.ide.mcu.externaltools.gnu-tools-for-stm32.11.3.rel1.win32_1.1.100.202309141235/tools/bin/../lib/gcc/arm-none-eabi/11.3.1/../../../../arm-none-eabi/lib/thumb/v7-m/nofp\libc_nano.a(libc_a-realloc.o) (_realloc_r)
D:/dokumenty/STM32CubeIDE_1.13.1/STM32CubeIDE_1.14.1/STM32CubeIDE/plugins/com.st.stm32cube.ide.mcu.externaltools.gnu-tools-for-stm32.11.3.rel1.win32_1.1.100.202309141235/tools/bin/../lib/gcc/arm-none-eabi/11.3.1/../../../../arm-none-eabi/lib/thumb/v7-m/nofp\libc_nano.a(libc_a-strtol.o)
[...]
Memory Configuration

Name             Origin             Length             Attributes
RAM              0x0000000020000000 0x0000000000005000 xrw
FLASH            0x0000000008000000 0x0000000000020000 xr
*default*        0x0000000000000000 0xffffffffffffffff

Linker script and memory map

LOAD D:/dokumenty/STM32CubeIDE_1.13.1/STM32CubeIDE_1.14.1/STM32CubeIDE/plugins/com.st.stm32cube.ide.mcu.externaltools.gnu-tools-for-stm32.11.3.rel1.win32_1.1.100.202309141235/tools/bin/../lib/gcc/arm-none-eabi/11.3.1/thumb/v7-m/nofp/crti.o
LOAD D:/dokumenty/STM32CubeIDE_1.13.1/STM32CubeIDE_1.14.1/STM32CubeIDE/plugins/com.st.stm32cube.ide.mcu.externaltools.gnu-tools-for-stm32.11.3.rel1.win32_1.1.100.202309141235/tools/bin/../lib/gcc/arm-none-eabi/11.3.1/thumb/v7-m/nofp/crtbegin.o
LOAD D:/dokumenty/STM32CubeIDE_1.13.1/STM32CubeIDE_1.14.1/STM32CubeIDE/plugins/com.st.stm32cube.ide.mcu.externaltools.gnu-tools-for-stm32.11.3.rel1.win32_1.1.100.202309141235/tools/bin/../lib/gcc/arm-none-eabi/11.3.1/../../../../arm-none-eabi/lib/thumb/v7-m/nofp/crt0.o
LOAD ./Core/Src/main.o
LOAD ./Core/Src/stm32f1xx_hal_msp.o
LOAD ./Core/Src/stm32f1xx_it.o
LOAD ./Core/Src/syscalls.o
LOAD ./Core/Src/sysmem.o
LOAD ./Core/Src/system_stm32f1xx.o
LOAD ./Core/Startup/startup_stm32f103cbtx.o
LOAD ./Drivers/STM32F1xx_HAL_Driver/Src/stm32f1xx_hal.o
LOAD ./Drivers/STM32F1xx_HAL_Driver/Src/stm32f1xx_hal_adc.o
LOAD ./Drivers/STM32F1xx_HAL_Driver/Src/stm32f1xx_hal_adc_ex.o
LOAD ./Drivers/STM32F1xx_HAL_Driver/Src/stm32f1xx_hal_cortex.o
LOAD ./Drivers/STM32F1xx_HAL_Driver/Src/stm32f1xx_hal_dma.o
LOAD ./Drivers/STM32F1xx_HAL_Driver/Src/stm32f1xx_hal_exti.o
LOAD ./Drivers/STM32F1xx_HAL_Driver/Src/stm32f1xx_hal_flash.o
LOAD ./Drivers/STM32F1xx_HAL_Driver/Src/stm32f1xx_hal_flash_ex.o
LOAD ./Drivers/STM32F1xx_HAL_Driver/Src/stm32f1xx_hal_gpio.o
LOAD ./Drivers/STM32F1xx_HAL_Driver/Src/stm32f1xx_hal_gpio_ex.o
LOAD ./Drivers/STM32F1xx_HAL_Driver/Src/stm32f1xx_hal_i2c.o
LOAD ./Drivers/STM32F1xx_HAL_Driver/Src/stm32f1xx_hal_pwr.o
LOAD ./Drivers/STM32F1xx_HAL_Driver/Src/stm32f1xx_hal_rcc.o
LOAD ./Drivers/STM32F1xx_HAL_Driver/Src/stm32f1xx_hal_rcc_ex.o
LOAD ./Drivers/STM32F1xx_HAL_Driver/Src/stm32f1xx_hal_spi.o
LOAD ./Drivers/STM32F1xx_HAL_Driver/Src/stm32f1xx_hal_tim.o
LOAD ./Drivers/STM32F1xx_HAL_Driver/Src/stm32f1xx_hal_tim_ex.o
LOAD ./Drivers/STM32F1xx_HAL_Driver/Src/stm32f1xx_hal_uart.o
LOAD ./libs/AWG.o
LOAD ./libs/CHARTRAK.o
LOAD ./libs/DVM.o
LOAD ./libs/LOLA.o
LOAD ./libs/OSC.o
LOAD ./libs/ProgRef.o
LOAD ./libs/RS485.o
LOAD ./libs/SCPI_Commands.o
LOAD ./libs/SCPI_lib.o
LOAD ./libs/TCA9555.o
LOAD ./libs/license.o
LOAD ./libs/trim.o
START GROUP
LOAD D:/dokumenty/STM32CubeIDE_1.13.1/STM32CubeIDE_1.14.1/STM32CubeIDE/plugins/com.st.stm32cube.ide.mcu.externaltools.gnu-tools-for-stm32.11.3.rel1.win32_1.1.100.202309141235/tools/bin/../lib/gcc/arm-none-eabi/11.3.1/../../../../arm-none-eabi/lib/thumb/v7-m/nofp\libc_nano.a
LOAD D:/dokumenty/STM32CubeIDE_1.13.1/STM32CubeIDE_1.14.1/STM32CubeIDE/plugins/com.st.stm32cube.ide.mcu.externaltools.gnu-tools-for-stm32.11.3.rel1.win32_1.1.100.202309141235/tools/bin/../lib/gcc/arm-none-eabi/11.3.1/../../../../arm-none-eabi/lib/thumb/v7-m/nofp\libm.a
END GROUP
START GROUP
LOAD D:/dokumenty/STM32CubeIDE_1.13.1/STM32CubeIDE_1.14.1/STM32CubeIDE/plugins/com.st.stm32cube.ide.mcu.externaltools.gnu-tools-for-stm32.11.3.rel1.win32_1.1.100.202309141235/tools/bin/../lib/gcc/arm-none-eabi/11.3.1/thumb/v7-m/nofp\libgcc.a
LOAD D:/dokumenty/STM32CubeIDE_1.13.1/STM32CubeIDE_1.14.1/STM32CubeIDE/plugins/com.st.stm32cube.ide.mcu.externaltools.gnu-tools-for-stm32.11.3.rel1.win32_1.1.100.202309141235/tools/bin/../lib/gcc/arm-none-eabi/11.3.1/../../../../arm-none-eabi/lib/thumb/v7-m/nofp\libc_nano.a
END GROUP
START GROUP
LOAD D:/dokumenty/STM32CubeIDE_1.13.1/STM32CubeIDE_1.14.1/STM32CubeIDE/plugins/com.st.stm32cube.ide.mcu.externaltools.gnu-tools-for-stm32.11.3.rel1.win32_1.1.100.202309141235/tools/bin/../lib/gcc/arm-none-eabi/11.3.1/thumb/v7-m/nofp\libgcc.a
LOAD D:/dokumenty/STM32CubeIDE_1.13.1/STM32CubeIDE_1.14.1/STM32CubeIDE/plugins/com.st.stm32cube.ide.mcu.externaltools.gnu-tools-for-stm32.11.3.rel1.win32_1.1.100.202309141235/tools/bin/../lib/gcc/arm-none-eabi/11.3.1/../../../../arm-none-eabi/lib/thumb/v7-m/nofp\libc_nano.a
LOAD D:/dokumenty/STM32CubeIDE_1.13.1/STM32CubeIDE_1.14.1/STM32CubeIDE/plugins/com.st.stm32cube.ide.mcu.externaltools.gnu-tools-for-stm32.11.3.rel1.win32_1.1.100.202309141235/tools/bin/../lib/gcc/arm-none-eabi/11.3.1/../../../../arm-none-eabi/lib/thumb/v7-m/nofp\libnosys.a
END GROUP
START GROUP
LOAD D:/dokumenty/STM32CubeIDE_1.13.1/STM32CubeIDE_1.14.1/STM32CubeIDE/plugins/com.st.stm32cube.ide.mcu.externaltools.gnu-tools-for-stm32.11.3.rel1.win32_1.1.100.202309141235/tools/bin/../lib/gcc/arm-none-eabi/11.3.1/thumb/v7-m/nofp\libgcc.a
LOAD D:/dokumenty/STM32CubeIDE_1.13.1/STM32CubeIDE_1.14.1/STM32CubeIDE/plugins/com.st.stm32cube.ide.mcu.externaltools.gnu-tools-for-stm32.11.3.rel1.win32_1.1.100.202309141235/tools/bin/../lib/gcc/arm-none-eabi/11.3.1/../../../../arm-none-eabi/lib/thumb/v7-m/nofp\libc_nano.a
LOAD D:/dokumenty/STM32CubeIDE_1.13.1/STM32CubeIDE_1.14.1/STM32CubeIDE/plugins/com.st.stm32cube.ide.mcu.externaltools.gnu-tools-for-stm32.11.3.rel1.win32_1.1.100.202309141235/tools/bin/../lib/gcc/arm-none-eabi/11.3.1/../../../../arm-none-eabi/lib/thumb/v7-m/nofp\libnosys.a
END GROUP
LOAD D:/dokumenty/STM32CubeIDE_1.13.1/STM32CubeIDE_1.14.1/STM32CubeIDE/plugins/com.st.stm32cube.ide.mcu.externaltools.gnu-tools-for-stm32.11.3.rel1.win32_1.1.100.202309141235/tools/bin/../lib/gcc/arm-none-eabi/11.3.1/thumb/v7-m/nofp/crtend.o
LOAD D:/dokumenty/STM32CubeIDE_1.13.1/STM32CubeIDE_1.14.1/STM32CubeIDE/plugins/com.st.stm32cube.ide.mcu.externaltools.gnu-tools-for-stm32.11.3.rel1.win32_1.1.100.202309141235/tools/bin/../lib/gcc/arm-none-eabi/11.3.1/thumb/v7-m/nofp/crtn.o
                0x0000000020005000                _estack = (ORIGIN (RAM) + LENGTH (RAM))
                0x0000000000000200                _Min_Heap_Size = 0x200
                0x0000000000000400                _Min_Stack_Size = 0x400

.isr_vector     0x0000000008000000      0x10c
                0x0000000008000000                . = ALIGN (0x4)
 *(.isr_vector)
 .isr_vector    0x0000000008000000      0x10c ./Core/Startup/startup_stm32f103cbtx.o
                0x0000000008000000                g_pfnVectors
                0x000000000800010c                . = ALIGN (0x4)

.text           0x0000000008000110     0xa6e4
                0x0000000008000110                . = ALIGN (0x4)
 *(.text)
 .text          0x0000000008000110       0x40 D:/dokumenty/STM32CubeIDE_1.13.1/STM32CubeIDE_1.14.1/STM32CubeIDE/plugins/com.st.stm32cube.ide.mcu.externaltools.gnu-tools-for-stm32.11.3.rel1.win32_1.1.100.202309141235/tools/bin/../lib/gcc/arm-none-eabi/11.3.1/thumb/v7-m/nofp/crtbegin.o
 .text          0x0000000008000150       0x10 D:/dokumenty/STM32CubeIDE_1.13.1/STM32CubeIDE_1.14.1/STM32CubeIDE/plugins/com.st.stm32cube.ide.mcu.externaltools.gnu-tools-for-stm32.11.3.rel1.win32_1.1.100.202309141235/tools/bin/../lib/gcc/arm-none-eabi/11.3.1/../../../../arm-none-eabi/lib/thumb/v7-m/nofp\libc_nano.a(libc_a-strlen.o)
                0x0000000008000150                strlen
 .text          0x0000000008000160      0x378 D:/dokumenty/STM32CubeIDE_1.13.1/STM32CubeIDE_1.14.1/STM32CubeIDE/plugins/com.st.stm32cube.ide.mcu.externaltools.gnu-tools-for-stm32.11.3.rel1.win32_1.1.100.202309141235/tools/bin/../lib/gcc/arm-none-eabi/11.3.1/thumb/v7-m/nofp\libgcc.a(_arm_addsubdf3.o)
                0x0000000008000160                __aeabi_drsub
                0x0000000008000168                __aeabi_dsub
                0x0000000008000168                __subdf3
                0x000000000800016c                __aeabi_dadd
                0x000000000800016c                __adddf3
                0x00000000080003e4                __floatunsidf
                0x00000000080003e4                __aeabi_ui2d
                0x0000000008000404                __floatsidf
                0x0000000008000404                __aeabi_i2d
                0x0000000008000428                __aeabi_f2d
                0x0000000008000428                __extendsfdf2
                0x000000000800046c                __floatundidf
                0x000000000800046c                __aeabi_ul2d
                0x000000000800047c                __floatdidf
                0x000000000800047c                __aeabi_l2d
 .text          0x00000000080004d8      0x424 D:/dokumenty/STM32CubeIDE_1.13.1/STM32CubeIDE_1.14.1/STM32CubeIDE/plugins/com.st.stm32cube.ide.mcu.externaltools.gnu-tools-for-stm32.11.3.rel1.win32_1.1.100.202309141235/tools/bin/../lib/gcc/arm-none-eabi/11.3.1/thumb/v7-m/nofp\libgcc.a(_arm_muldivdf3.o)
                0x00000000080004d8                __aeabi_dmul
                0x00000000080004d8                __muldf3
                0x000000000800072c                __divdf3
                0x000000000800072c                __aeabi_ddiv
 .text          0x00000000080008fc      0x110 D:/dokumenty/STM32CubeIDE_1.13.1/STM32CubeIDE_1.14.1/STM32CubeIDE/plugins/com.st.stm32cube.ide.mcu.externaltools.gnu-tools-for-stm32.11.3.rel1.win32_1.1.100.202309141235/tools/bin/../lib/gcc/arm-none-eabi/11.3.1/thumb/v7-m/nofp\libgcc.a(_arm_cmpdf2.o)
                0x00000000080008fc                __gtdf2
                0x00000000080008fc                __gedf2
                0x0000000008000904                __ltdf2
                0x0000000008000904                __ledf2
                0x000000000800090c                __nedf2
                0x000000000800090c                __eqdf2
                0x000000000800090c                __cmpdf2
                0x0000000008000988                __aeabi_cdrcmple
                0x0000000008000998                __aeabi_cdcmpeq
                0x0000000008000998                __aeabi_cdcmple
                0x00000000080009a8                __aeabi_dcmpeq
                0x00000000080009bc                __aeabi_dcmplt
                0x00000000080009d0                __aeabi_dcmple
                0x00000000080009e4                __aeabi_dcmpge
                0x00000000080009f8                __aeabi_dcmpgt
 .text          0x0000000008000a0c       0x2c D:/dokumenty/STM32CubeIDE_1.13.1/STM32CubeIDE_1.14.1/STM32CubeIDE/plugins/com.st.stm32cube.ide.mcu.externaltools.gnu-tools-for-stm32.11.3.rel1.win32_1.1.100.202309141235/tools/bin/../lib/gcc/arm-none-eabi/11.3.1/thumb/v7-m/nofp\libgcc.a(_arm_unorddf2.o)
                0x0000000008000a0c                __unorddf2
                0x0000000008000a0c                __aeabi_dcmpun
 .text          0x0000000008000a38       0x50 D:/dokumenty/STM32CubeIDE_1.13.1/STM32CubeIDE_1.14.1/STM32CubeIDE/plugins/com.st.stm32cube.ide.mcu.externaltools.gnu-tools-for-stm32.11.3.rel1.win32_1.1.100.202309141235/tools/bin/../lib/gcc/arm-none-eabi/11.3.1/thumb/v7-m/nofp\libgcc.a(_arm_fixdfsi.o)
                0x0000000008000a38                __aeabi_d2iz
                0x0000000008000a38                __fixdfsi
 .text          0x0000000008000a88       0x40 D:/dokumenty/STM32CubeIDE_1.13.1/STM32CubeIDE_1.14.1/STM32CubeIDE/plugins/com.st.stm32cube.ide.mcu.externaltools.gnu-tools-for-stm32.11.3.rel1.win32_1.1.100.202309141235/tools/bin/../lib/gcc/arm-none-eabi/11.3.1/thumb/v7-m/nofp\libgcc.a(_arm_fixunsdfsi.o)
                0x0000000008000a88                __aeabi_d2uiz
                0x0000000008000a88                __fixunsdfsi
 .text          0x0000000008000ac8       0xa0 D:/dokumenty/STM32CubeIDE_1.13.1/STM32CubeIDE_1.14.1/STM32CubeIDE/plugins/com.st.stm32cube.ide.mcu.externaltools.gnu-tools-for-stm32.11.3.rel1.win32_1.1.100.202309141235/tools/bin/../lib/gcc/arm-none-eabi/11.3.1/thumb/v7-m/nofp\libgcc.a(_arm_truncdfsf2.o)
                0x0000000008000ac8                __truncdfsf2
                0x0000000008000ac8                __aeabi_d2f
 .text          0x0000000008000b68      0x21c D:/dokumenty/STM32CubeIDE_1.13.1/STM32CubeIDE_1.14.1/STM32CubeIDE/plugins/com.st.stm32cube.ide.mcu.externaltools.gnu-tools-for-stm32.11.3.rel1.win32_1.1.100.202309141235/tools/bin/../lib/gcc/arm-none-eabi/11.3.1/thumb/v7-m/nofp\libgcc.a(_arm_addsubsf3.o)
                0x0000000008000b68                __aeabi_frsub
                0x0000000008000b70                __subsf3
                0x0000000008000b70                __aeabi_fsub
                0x0000000008000b74                __aeabi_fadd
                0x0000000008000b74                __addsf3
                0x0000000008000cd4                __aeabi_ui2f
                0x0000000008000cd4                __floatunsisf
                0x0000000008000cdc                __aeabi_i2f
                0x0000000008000cdc                __floatsisf
                0x0000000008000cf8                __aeabi_ul2f
                0x0000000008000cf8                __floatundisf
                0x0000000008000d08                __aeabi_l2f
                0x0000000008000d08                __floatdisf
 .text          0x0000000008000d84      0x2a0 D:/dokumenty/STM32CubeIDE_1.13.1/STM32CubeIDE_1.14.1/STM32CubeIDE/plugins/com.st.stm32cube.ide.mcu.externaltools.gnu-tools-for-stm32.11.3.rel1.win32_1.1.100.202309141235/tools/bin/../lib/gcc/arm-none-eabi/11.3.1/thumb/v7-m/nofp\libgcc.a(_arm_muldivsf3.o)
                0x0000000008000d84                __mulsf3
                0x0000000008000d84                __aeabi_fmul
                0x0000000008000eec                __aeabi_fdiv
                0x0000000008000eec                __divsf3
 .text          0x0000000008001024       0xec D:/dokumenty/STM32CubeIDE_1.13.1/STM32CubeIDE_1.14.1/STM32CubeIDE/plugins/com.st.stm32cube.ide.mcu.externaltools.gnu-tools-for-stm32.11.3.rel1.win32_1.1.100.202309141235/tools/bin/../lib/gcc/arm-none-eabi/11.3.1/thumb/v7-m/nofp\libgcc.a(_arm_cmpsf2.o)
                0x0000000008001024                __gesf2
                0x0000000008001024                __gtsf2
                0x000000000800102c                __lesf2
                0x000000000800102c                __ltsf2
                0x0000000008001034                __nesf2
                0x0000000008001034                __eqsf2
                0x0000000008001034                __cmpsf2
                0x0000000008001094                __aeabi_cfrcmple
                0x000000000800109c                __aeabi_cfcmpeq
                0x000000000800109c                __aeabi_cfcmple
                0x00000000080010ac                __aeabi_fcmpeq
                0x00000000080010c0                __aeabi_fcmplt
                0x00000000080010d4                __aeabi_fcmple
                0x00000000080010e8                __aeabi_fcmpge
                0x00000000080010fc                __aeabi_fcmpgt
 .text          0x0000000008001110       0x4c D:/dokumenty/STM32CubeIDE_1.13.1/STM32CubeIDE_1.14.1/STM32CubeIDE/plugins/com.st.stm32cube.ide.mcu.externaltools.gnu-tools-for-stm32.11.3.rel1.win32_1.1.100.202309141235/tools/bin/../lib/gcc/arm-none-eabi/11.3.1/thumb/v7-m/nofp\libgcc.a(_arm_fixsfsi.o)
                0x0000000008001110                __aeabi_f2iz
                0x0000000008001110                __fixsfsi
 .text          0x000000000800115c       0xa0 D:/dokumenty/STM32CubeIDE_1.13.1/STM32CubeIDE_1.14.1/STM32CubeIDE/plugins/com.st.stm32cube.ide.mcu.externaltools.gnu-tools-for-stm32.11.3.rel1.win32_1.1.100.202309141235/tools/bin/../lib/gcc/arm-none-eabi/11.3.1/thumb/v7-m/nofp\libgcc.a(_aeabi_ldivmod.o)
                0x000000000800115c                __aeabi_ldivmod
 .text          0x00000000080011fc      0x2cc D:/dokumenty/STM32CubeIDE_1.13.1/STM32CubeIDE_1.14.1/STM32CubeIDE/plugins/com.st.stm32cube.ide.mcu.externaltools.gnu-tools-for-stm32.11.3.rel1.win32_1.1.100.202309141235/tools/bin/../lib/gcc/arm-none-eabi/11.3.1/thumb/v7-m/nofp\libgcc.a(_udivmoddi4.o)
                0x00000000080011fc                __udivmoddi4
 .text          0x00000000080014c8        0x4 D:/dokumenty/STM32CubeIDE_1.13.1/STM32CubeIDE_1.14.1/STM32CubeIDE/plugins/com.st.stm32cube.ide.mcu.externaltools.gnu-tools-for-stm32.11.3.rel1.win32_1.1.100.202309141235/tools/bin/../lib/gcc/arm-none-eabi/11.3.1/thumb/v7-m/nofp\libgcc.a(_dvmd_tls.o)
                0x00000000080014c8                __aeabi_idiv0
                0x00000000080014c8                __aeabi_ldiv0
 *(.text*)
 *fill*         0x00000000080014cc        0x4 
 .text.main     0x00000000080014d0      0x234 ./Core/Src/main.o
                0x00000000080014d0                main
 .text.SystemClock_Config
                0x0000000008001704       0xb6 ./Core/Src/main.o
                0x0000000008001704                SystemClock_Config
 *fill*         0x00000000080017ba        0x2 
 .text.MX_ADC1_Init
                0x00000000080017bc       0x7c ./Core/Src/main.o
 .text.MX_I2C1_Init
                0x0000000008001838       0x5c ./Core/Src/main.o
 .text.MX_SPI1_Init
                0x0000000008001894       0x6c ./Core/Src/main.o
 .text.MX_USART1_UART_Init
                0x0000000008001900       0x54 ./Core/Src/main.o
 .text.MX_GPIO_Init
                0x0000000008001954      0x158 ./Core/Src/main.o
 .text.HAL_UARTEx_RxEventCallback
                0x0000000008001aac      0x100 ./Core/Src/main.o
                0x0000000008001aac                HAL_UARTEx_RxEventCallback
 .text.Error_Handler
                0x0000000008001bac        0xa ./Core/Src/main.o
                0x0000000008001bac                Error_Handler
 *fill*         0x0000000008001bb6        0x2 
 .text.HAL_MspInit
                0x0000000008001bb8       0x64 ./Core/Src/stm32f1xx_hal_msp.o
                0x0000000008001bb8                HAL_MspInit
 .text.HAL_ADC_MspInit
                0x0000000008001c1c       0x78 ./Core/Src/stm32f1xx_hal_msp.o
                0x0000000008001c1c                HAL_ADC_MspInit
 .text.HAL_I2C_MspInit
                0x0000000008001c94       0xa0 ./Core/Src/stm32f1xx_hal_msp.o
                0x0000000008001c94                HAL_I2C_MspInit
 .text.HAL_SPI_MspInit
                0x0000000008001d34       0x94 ./Core/Src/stm32f1xx_hal_msp.o
                0x0000000008001d34                HAL_SPI_MspInit
 .text.HAL_UART_MspInit
                0x0000000008001dc8       0xc4 ./Core/Src/stm32f1xx_hal_msp.o
                0x0000000008001dc8                HAL_UART_MspInit
 .text.NMI_Handler
                0x0000000008001e8c        0x6 ./Core/Src/stm32f1xx_it.o
                0x0000000008001e8c                NMI_Handler
 .text.HardFault_Handler
                0x0000000008001e92        0x6 ./Core/Src/stm32f1xx_it.o
                0x0000000008001e92                HardFault_Handler
 .text.MemManage_Handler
                0x0000000008001e98        0x6 ./Core/Src/stm32f1xx_it.o
                0x0000000008001e98                MemManage_Handler
 .text.BusFault_Handler
                0x0000000008001e9e        0x6 ./Core/Src/stm32f1xx_it.o
                0x0000000008001e9e                BusFault_Handler
 .text.UsageFault_Handler
                0x0000000008001ea4        0x6 ./Core/Src/stm32f1xx_it.o
                0x0000000008001ea4                UsageFault_Handler
 .text.SVC_Handler
                0x0000000008001eaa        0xc ./Core/Src/stm32f1xx_it.o
                0x0000000008001eaa                SVC_Handler
 .text.DebugMon_Handler
                0x0000000008001eb6        0xc ./Core/Src/stm32f1xx_it.o
                0x0000000008001eb6                DebugMon_Handler
 .text.PendSV_Handler
                0x0000000008001ec2        0xc ./Core/Src/stm32f1xx_it.o
                0x0000000008001ec2                PendSV_Handler
 .text.SysTick_Handler
                0x0000000008001ece        0xc ./Core/Src/stm32f1xx_it.o
                0x0000000008001ece                SysTick_Handler
 *fill*         0x0000000008001eda        0x2 
 .text.USART1_IRQHandler
                0x0000000008001edc       0x14 ./Core/Src/stm32f1xx_it.o
                0x0000000008001edc                USART1_IRQHandler
 .text._getpid  0x0000000008001ef0        0xe ./Core/Src/syscalls.o
                0x0000000008001ef0                _getpid
 .text._kill    0x0000000008001efe       0x20 ./Core/Src/syscalls.o
                0x0000000008001efe                _kill
 .text._exit    0x0000000008001f1e       0x14 ./Core/Src/syscalls.o
                0x0000000008001f1e                _exit
 .text._read    0x0000000008001f32       0x3a ./Core/Src/syscalls.o
                0x0000000008001f32                _read
 .text._write   0x0000000008001f6c       0x38 ./Core/Src/syscalls.o
                0x0000000008001f6c                _write
 .text._close   0x0000000008001fa4       0x16 ./Core/Src/syscalls.o
                0x0000000008001fa4                _close
 .text._fstat   0x0000000008001fba       0x1e ./Core/Src/syscalls.o
                0x0000000008001fba                _fstat
 .text._isatty  0x0000000008001fd8       0x14 ./Core/Src/syscalls.o
                0x0000000008001fd8                _isatty
 .text._lseek   0x0000000008001fec       0x18 ./Core/Src/syscalls.o
                0x0000000008001fec                _lseek
 .text._sbrk    0x0000000008002004       0x6c ./Core/Src/sysmem.o
                0x0000000008002004                _sbrk
 .text.SystemInit
                0x0000000008002070        0xc ./Core/Src/system_stm32f1xx.o
                0x0000000008002070                SystemInit
 .text.Reset_Handler
                0x000000000800207c       0x48 ./Core/Startup/startup_stm32f103cbtx.o
                0x000000000800207c                Reset_Handler
 .text.Default_Handler
                0x00000000080020c4        0x2 ./Core/Startup/startup_stm32f103cbtx.o
                0x00000000080020c4                RTC_Alarm_IRQHandler
                0x00000000080020c4                EXTI2_IRQHandler
                0x00000000080020c4                TIM1_CC_IRQHandler
                0x00000000080020c4                PVD_IRQHandler
                0x00000000080020c4                EXTI3_IRQHandler
                0x00000000080020c4                EXTI0_IRQHandler
                0x00000000080020c4                I2C2_EV_IRQHandler
                0x00000000080020c4                ADC1_2_IRQHandler
                0x00000000080020c4                SPI1_IRQHandler
                0x00000000080020c4                TAMPER_IRQHandler
                0x00000000080020c4                DMA1_Channel4_IRQHandler
                0x00000000080020c4                USART3_IRQHandler
                0x00000000080020c4                RTC_IRQHandler
                0x00000000080020c4                DMA1_Channel7_IRQHandler
                0x00000000080020c4                CAN1_RX1_IRQHandler
                0x00000000080020c4                TIM4_IRQHandler
                0x00000000080020c4                I2C1_EV_IRQHandler
                0x00000000080020c4                DMA1_Channel6_IRQHandler
                0x00000000080020c4                TIM3_IRQHandler
                0x00000000080020c4                RCC_IRQHandler
                0x00000000080020c4                TIM1_TRG_COM_IRQHandler
                0x00000000080020c4                DMA1_Channel1_IRQHandler
                0x00000000080020c4                Default_Handler
                0x00000000080020c4                EXTI15_10_IRQHandler
                0x00000000080020c4                EXTI9_5_IRQHandler
                0x00000000080020c4                SPI2_IRQHandler
                0x00000000080020c4                DMA1_Channel5_IRQHandler
                0x00000000080020c4                EXTI4_IRQHandler
                0x00000000080020c4                USB_LP_CAN1_RX0_IRQHandler
                0x00000000080020c4                USB_HP_CAN1_TX_IRQHandler
                0x00000000080020c4                DMA1_Channel3_IRQHandler
                0x00000000080020c4                TIM1_UP_IRQHandler
                0x00000000080020c4                WWDG_IRQHandler
                0x00000000080020c4                TIM2_IRQHandler
                0x00000000080020c4                TIM1_BRK_IRQHandler
                0x00000000080020c4                EXTI1_IRQHandler
                0x00000000080020c4                USART2_IRQHandler
                0x00000000080020c4                I2C2_ER_IRQHandler
                0x00000000080020c4                DMA1_Channel2_IRQHandler
                0x00000000080020c4                CAN1_SCE_IRQHandler
                0x00000000080020c4                FLASH_IRQHandler
                0x00000000080020c4                I2C1_ER_IRQHandler
                0x00000000080020c4                USBWakeUp_IRQHandler
 *fill*         0x00000000080020c6        0x2 
 .text.HAL_Init
                0x00000000080020c8       0x2c ./Drivers/STM32F1xx_HAL_Driver/Src/stm32f1xx_hal.o
                0x00000000080020c8                HAL_Init
 .text.HAL_InitTick
                0x00000000080020f4       0x60 ./Drivers/STM32F1xx_HAL_Driver/Src/stm32f1xx_hal.o
                0x00000000080020f4                HAL_InitTick
 .text.HAL_IncTick
                0x0000000008002154       0x24 ./Drivers/STM32F1xx_HAL_Driver/Src/stm32f1xx_hal.o
                0x0000000008002154                HAL_IncTick
 .text.HAL_GetTick
                0x0000000008002178       0x14 ./Drivers/STM32F1xx_HAL_Driver/Src/stm32f1xx_hal.o
                0x0000000008002178                HAL_GetTick
 .text.HAL_Delay
                0x000000000800218c       0x48 ./Drivers/STM32F1xx_HAL_Driver/Src/stm32f1xx_hal.o
                0x000000000800218c                HAL_Delay
 .text.HAL_ADC_Init
                0x00000000080021d4      0x1b0 ./Drivers/STM32F1xx_HAL_Driver/Src/stm32f1xx_hal_adc.o
                0x00000000080021d4                HAL_ADC_Init
 .text.HAL_ADC_ConfigChannel
                0x0000000008002384      0x1f0 ./Drivers/STM32F1xx_HAL_Driver/Src/stm32f1xx_hal_adc.o
                0x0000000008002384                HAL_ADC_ConfigChannel
 .text.ADC_ConversionStop_Disable
                0x0000000008002574       0x82 ./Drivers/STM32F1xx_HAL_Driver/Src/stm32f1xx_hal_adc.o
                0x0000000008002574                ADC_ConversionStop_Disable
 *fill*         0x00000000080025f6        0x2 
 .text.__NVIC_SetPriorityGrouping
                0x00000000080025f8       0x48 ./Drivers/STM32F1xx_HAL_Driver/Src/stm32f1xx_hal_cortex.o
 .text.__NVIC_GetPriorityGrouping
                0x0000000008002640       0x1c ./Drivers/STM32F1xx_HAL_Driver/Src/stm32f1xx_hal_cortex.o
 .text.__NVIC_EnableIRQ
                0x000000000800265c       0x38 ./Drivers/STM32F1xx_HAL_Driver/Src/stm32f1xx_hal_cortex.o
 .text.__NVIC_SetPriority
                0x0000000008002694       0x54 ./Drivers/STM32F1xx_HAL_Driver/Src/stm32f1xx_hal_cortex.o
 .text.NVIC_EncodePriority
                0x00000000080026e8       0x64 ./Drivers/STM32F1xx_HAL_Driver/Src/stm32f1xx_hal_cortex.o
 .text.SysTick_Config
                0x000000000800274c       0x44 ./Drivers/STM32F1xx_HAL_Driver/Src/stm32f1xx_hal_cortex.o
 .text.HAL_NVIC_SetPriorityGrouping
                0x0000000008002790       0x16 ./Drivers/STM32F1xx_HAL_Driver/Src/stm32f1xx_hal_cortex.o
                0x0000000008002790                HAL_NVIC_SetPriorityGrouping
 .text.HAL_NVIC_SetPriority
                0x00000000080027a6       0x38 ./Drivers/STM32F1xx_HAL_Driver/Src/stm32f1xx_hal_cortex.o
                0x00000000080027a6                HAL_NVIC_SetPriority
 .text.HAL_NVIC_EnableIRQ
                0x00000000080027de       0x1c ./Drivers/STM32F1xx_HAL_Driver/Src/stm32f1xx_hal_cortex.o
                0x00000000080027de                HAL_NVIC_EnableIRQ
 .text.HAL_SYSTICK_Config
                0x00000000080027fa       0x18 ./Drivers/STM32F1xx_HAL_Driver/Src/stm32f1xx_hal_cortex.o
                0x00000000080027fa                HAL_SYSTICK_Config
 .text.HAL_DMA_Abort
                0x0000000008002812       0x76 ./Drivers/STM32F1xx_HAL_Driver/Src/stm32f1xx_hal_dma.o
                0x0000000008002812                HAL_DMA_Abort
 .text.HAL_DMA_Abort_IT
                0x0000000008002888       0xf0 ./Drivers/STM32F1xx_HAL_Driver/Src/stm32f1xx_hal_dma.o
                0x0000000008002888                HAL_DMA_Abort_IT
 .text.HAL_GPIO_Init
                0x0000000008002978      0x308 ./Drivers/STM32F1xx_HAL_Driver/Src/stm32f1xx_hal_gpio.o
                0x0000000008002978                HAL_GPIO_Init
 .text.HAL_GPIO_ReadPin
                0x0000000008002c80       0x2e ./Drivers/STM32F1xx_HAL_Driver/Src/stm32f1xx_hal_gpio.o
                0x0000000008002c80                HAL_GPIO_ReadPin
 .text.HAL_GPIO_WritePin
                0x0000000008002cae       0x30 ./Drivers/STM32F1xx_HAL_Driver/Src/stm32f1xx_hal_gpio.o
                0x0000000008002cae                HAL_GPIO_WritePin
 *fill*         0x0000000008002cde        0x2 
 .text.HAL_I2C_Init
                0x0000000008002ce0      0x288 ./Drivers/STM32F1xx_HAL_Driver/Src/stm32f1xx_hal_i2c.o
                0x0000000008002ce0                HAL_I2C_Init
 .text.HAL_I2C_Mem_Write
                0x0000000008002f68      0x1f4 ./Drivers/STM32F1xx_HAL_Driver/Src/stm32f1xx_hal_i2c.o
                0x0000000008002f68                HAL_I2C_Mem_Write
 .text.I2C_RequestMemoryWrite
                0x000000000800315c      0x12c ./Drivers/STM32F1xx_HAL_Driver/Src/stm32f1xx_hal_i2c.o
 .text.I2C_WaitOnFlagUntilTimeout
                0x0000000008003288       0xf4 ./Drivers/STM32F1xx_HAL_Driver/Src/stm32f1xx_hal_i2c.o
 .text.I2C_WaitOnMasterAddressFlagUntilTimeout
                0x000000000800337c      0x140 ./Drivers/STM32F1xx_HAL_Driver/Src/stm32f1xx_hal_i2c.o
 .text.I2C_WaitOnTXEFlagUntilTimeout
                0x00000000080034bc       0x90 ./Drivers/STM32F1xx_HAL_Driver/Src/stm32f1xx_hal_i2c.o
 .text.I2C_WaitOnBTFFlagUntilTimeout
                0x000000000800354c       0x90 ./Drivers/STM32F1xx_HAL_Driver/Src/stm32f1xx_hal_i2c.o
 .text.I2C_IsAcknowledgeFailed
                0x00000000080035dc       0x5c ./Drivers/STM32F1xx_HAL_Driver/Src/stm32f1xx_hal_i2c.o
 .text.HAL_RCC_OscConfig
                0x0000000008003638      0x504 ./Drivers/STM32F1xx_HAL_Driver/Src/stm32f1xx_hal_rcc.o
                0x0000000008003638                HAL_RCC_OscConfig
 .text.HAL_RCC_ClockConfig
                0x0000000008003b3c      0x1d4 ./Drivers/STM32F1xx_HAL_Driver/Src/stm32f1xx_hal_rcc.o
                0x0000000008003b3c                HAL_RCC_ClockConfig
 .text.HAL_RCC_GetSysClockFreq
                0x0000000008003d10       0xa8 ./Drivers/STM32F1xx_HAL_Driver/Src/stm32f1xx_hal_rcc.o
                0x0000000008003d10                HAL_RCC_GetSysClockFreq
 .text.HAL_RCC_GetHCLKFreq
                0x0000000008003db8       0x14 ./Drivers/STM32F1xx_HAL_Driver/Src/stm32f1xx_hal_rcc.o
                0x0000000008003db8                HAL_RCC_GetHCLKFreq
 .text.HAL_RCC_GetPCLK1Freq
                0x0000000008003dcc       0x28 ./Drivers/STM32F1xx_HAL_Driver/Src/stm32f1xx_hal_rcc.o
                0x0000000008003dcc                HAL_RCC_GetPCLK1Freq
 .text.HAL_RCC_GetPCLK2Freq
                0x0000000008003df4       0x28 ./Drivers/STM32F1xx_HAL_Driver/Src/stm32f1xx_hal_rcc.o
                0x0000000008003df4                HAL_RCC_GetPCLK2Freq
 .text.RCC_Delay
                0x0000000008003e1c       0x3c ./Drivers/STM32F1xx_HAL_Driver/Src/stm32f1xx_hal_rcc.o
 .text.HAL_RCCEx_PeriphCLKConfig
                0x0000000008003e58      0x16c ./Drivers/STM32F1xx_HAL_Driver/Src/stm32f1xx_hal_rcc_ex.o
                0x0000000008003e58                HAL_RCCEx_PeriphCLKConfig
 .text.HAL_SPI_Init
                0x0000000008003fc4      0x108 ./Drivers/STM32F1xx_HAL_Driver/Src/stm32f1xx_hal_spi.o
                0x0000000008003fc4                HAL_SPI_Init
 .text.HAL_SPI_Transmit
                0x00000000080040cc      0x286 ./Drivers/STM32F1xx_HAL_Driver/Src/stm32f1xx_hal_spi.o
                0x00000000080040cc                HAL_SPI_Transmit
 .text.HAL_SPI_Receive
                0x0000000008004352      0x230 ./Drivers/STM32F1xx_HAL_Driver/Src/stm32f1xx_hal_spi.o
                0x0000000008004352                HAL_SPI_Receive
 .text.HAL_SPI_TransmitReceive
                0x0000000008004582      0x360 ./Drivers/STM32F1xx_HAL_Driver/Src/stm32f1xx_hal_spi.o
                0x0000000008004582                HAL_SPI_TransmitReceive
 *fill*         0x00000000080048e2        0x2 
 .text.SPI_WaitFlagStateUntilTimeout
                0x00000000080048e4      0x110 ./Drivers/STM32F1xx_HAL_Driver/Src/stm32f1xx_hal_spi.o
 .text.SPI_EndRxTransaction
                0x00000000080049f4       0xa4 ./Drivers/STM32F1xx_HAL_Driver/Src/stm32f1xx_hal_spi.o
 .text.SPI_EndRxTxTransaction
                0x0000000008004a98       0x3c ./Drivers/STM32F1xx_HAL_Driver/Src/stm32f1xx_hal_spi.o
 .text.HAL_UART_Init
                0x0000000008004ad4       0xa0 ./Drivers/STM32F1xx_HAL_Driver/Src/stm32f1xx_hal_uart.o
                0x0000000008004ad4                HAL_UART_Init
 .text.HAL_UART_Transmit
                0x0000000008004b74      0x106 ./Drivers/STM32F1xx_HAL_Driver/Src/stm32f1xx_hal_uart.o
                0x0000000008004b74                HAL_UART_Transmit
 .text.HAL_UARTEx_ReceiveToIdle_IT
                0x0000000008004c7a       0xba ./Drivers/STM32F1xx_HAL_Driver/Src/stm32f1xx_hal_uart.o
                0x0000000008004c7a                HAL_UARTEx_ReceiveToIdle_IT
 .text.HAL_UART_IRQHandler
                0x0000000008004d34      0x524 ./Drivers/STM32F1xx_HAL_Driver/Src/stm32f1xx_hal_uart.o
                0x0000000008004d34                HAL_UART_IRQHandler
 .text.HAL_UART_TxCpltCallback
                0x0000000008005258       0x12 ./Drivers/STM32F1xx_HAL_Driver/Src/stm32f1xx_hal_uart.o
                0x0000000008005258                HAL_UART_TxCpltCallback
 .text.HAL_UART_RxCpltCallback
                0x000000000800526a       0x12 ./Drivers/STM32F1xx_HAL_Driver/Src/stm32f1xx_hal_uart.o
                0x000000000800526a                HAL_UART_RxCpltCallback
 .text.HAL_UART_ErrorCallback
                0x000000000800527c       0x12 ./Drivers/STM32F1xx_HAL_Driver/Src/stm32f1xx_hal_uart.o
                0x000000000800527c                HAL_UART_ErrorCallback
 .text.UART_WaitOnFlagUntilTimeout
                0x000000000800528e       0xdc ./Drivers/STM32F1xx_HAL_Driver/Src/stm32f1xx_hal_uart.o
 .text.UART_Start_Receive_IT
                0x000000000800536a       0x72 ./Drivers/STM32F1xx_HAL_Driver/Src/stm32f1xx_hal_uart.o
                0x000000000800536a                UART_Start_Receive_IT
 .text.UART_EndRxTransfer
                0x00000000080053dc       0xc4 ./Drivers/STM32F1xx_HAL_Driver/Src/stm32f1xx_hal_uart.o
 .text.UART_DMAAbortOnError
                0x00000000080054a0       0x28 ./Drivers/STM32F1xx_HAL_Driver/Src/stm32f1xx_hal_uart.o
 .text.UART_Transmit_IT
                0x00000000080054c8       0x9e ./Drivers/STM32F1xx_HAL_Driver/Src/stm32f1xx_hal_uart.o
 .text.UART_EndTransmit_IT
                0x0000000008005566       0x30 ./Drivers/STM32F1xx_HAL_Driver/Src/stm32f1xx_hal_uart.o
 .text.UART_Receive_IT
                0x0000000008005596      0x17c ./Drivers/STM32F1xx_HAL_Driver/Src/stm32f1xx_hal_uart.o
 *fill*         0x0000000008005712        0x2 
 .text.UART_SetConfig
                0x0000000008005714      0x11c ./Drivers/STM32F1xx_HAL_Driver/Src/stm32f1xx_hal_uart.o
 .text.AWG_Load_Waveform
                0x0000000008005830      0x4b4 ./libs/AWG.o
                0x0000000008005830                AWG_Load_Waveform
 .text.DVM_GET_DATA_RAW
                0x0000000008005ce4       0x88 ./libs/DVM.o
                0x0000000008005ce4                DVM_GET_DATA_RAW
 .text.DVM_GET_FILTERED_DATA_RAW
                0x0000000008005d6c       0x74 ./libs/DVM.o
                0x0000000008005d6c                DVM_GET_FILTERED_DATA_RAW
 .text.LOLA_CFG_SEL
                0x0000000008005de0      0x148 ./libs/LOLA.o
                0x0000000008005de0                LOLA_CFG_SEL
 .text.LOLA_Init
                0x0000000008005f28       0xc4 ./libs/LOLA.o
                0x0000000008005f28                LOLA_Init
 .text.LOLA_Reset
                0x0000000008005fec       0x20 ./libs/LOLA.o
                0x0000000008005fec                LOLA_Reset
 .text.LOLA_enable_features
                0x000000000800600c       0xbc ./libs/LOLA.o
                0x000000000800600c                LOLA_enable_features
 .text.LOLA_GET_FIRMWAREID
                0x00000000080060c8       0x7c ./libs/LOLA.o
                0x00000000080060c8                LOLA_GET_FIRMWAREID
 *fill*         0x0000000008006144        0x4 
 .text.LOLA_SET_MAX_AMPLITUDE
                0x0000000008006148       0x54 ./libs/LOLA.o
                0x0000000008006148                LOLA_SET_MAX_AMPLITUDE
 .text.DAC_DIRECT_DATA
                0x000000000800619c       0x90 ./libs/LOLA.o
                0x000000000800619c                DAC_DIRECT_DATA
 .text.DACREF   0x000000000800622c       0xc0 ./libs/ProgRef.o
                0x000000000800622c                DACREF
 .text.DACOFFS  0x00000000080062ec       0xd0 ./libs/ProgRef.o
                0x00000000080062ec                DACOFFS
 .text.ADCREF   0x00000000080063bc       0xb8 ./libs/ProgRef.o
                0x00000000080063bc                ADCREF
 .text.ADCOFFS  0x0000000008006474       0xd0 ./libs/ProgRef.o
                0x0000000008006474                ADCOFFS
 .text.RS485_Transmit
                0x0000000008006544       0x40 ./libs/RS485.o
                0x0000000008006544                RS485_Transmit
 .text.SCPIC_FID
                0x0000000008006584       0x70 ./libs/SCPI_Commands.o
                0x0000000008006584                SCPIC_FID
 .text.ReformatString
                0x00000000080065f4       0x78 ./libs/SCPI_lib.o
                0x00000000080065f4                ReformatString
 .text.generateSubwordn
                0x000000000800666c      0x10c ./libs/SCPI_lib.o
                0x000000000800666c                generateSubwordn
 .text.findClassIndex
                0x0000000008006778       0x60 ./libs/SCPI_lib.o
                0x0000000008006778                findClassIndex
 .text.generateWordDirect
                0x00000000080067d8      0x1e4 ./libs/SCPI_lib.o
                0x00000000080067d8                generateWordDirect
 .text.executeWord
                0x00000000080069bc       0x74 ./libs/SCPI_lib.o
                0x00000000080069bc                executeWord
 .text.addClass
                0x0000000008006a30       0x74 ./libs/SCPI_lib.o
                0x0000000008006a30                addClass
 .text.writeToRegister
                0x0000000008006aa4       0x3c ./libs/TCA9555.o
                0x0000000008006aa4                writeToRegister
 .text.TCA_Init
                0x0000000008006ae0       0x4c ./libs/TCA9555.o
                0x0000000008006ae0                TCA_Init
 .text.TCA_PinMode
                0x0000000008006b2c       0xb0 ./libs/TCA9555.o
                0x0000000008006b2c                TCA_PinMode
 .text.TCA_WritePin
                0x0000000008006bdc       0xb0 ./libs/TCA9555.o
                0x0000000008006bdc                TCA_WritePin
 .text.to_signed_12bit
                0x0000000008006c8c       0x36 ./libs/trim.o
                0x0000000008006c8c                to_signed_12bit
 .text.trimInt  0x0000000008006cc2       0x32 ./libs/trim.o
                0x0000000008006cc2                trimInt
 .text.trimFloat
                0x0000000008006cf4       0x3c ./libs/trim.o
                0x0000000008006cf4                trimFloat
 .text.atoi     0x0000000008006d30        0x8 D:/dokumenty/STM32CubeIDE_1.13.1/STM32CubeIDE_1.14.1/STM32CubeIDE/plugins/com.st.stm32cube.ide.mcu.externaltools.gnu-tools-for-stm32.11.3.rel1.win32_1.1.100.202309141235/tools/bin/../lib/gcc/arm-none-eabi/11.3.1/../../../../arm-none-eabi/lib/thumb/v7-m/nofp\libc_nano.a(libc_a-atoi.o)
                0x0000000008006d30                atoi
 .text.calloc   0x0000000008006d38       0x10 D:/dokumenty/STM32CubeIDE_1.13.1/STM32CubeIDE_1.14.1/STM32CubeIDE/plugins/com.st.stm32cube.ide.mcu.externaltools.gnu-tools-for-stm32.11.3.rel1.win32_1.1.100.202309141235/tools/bin/../lib/gcc/arm-none-eabi/11.3.1/../../../../arm-none-eabi/lib/thumb/v7-m/nofp\libc_nano.a(libc_a-calloc.o)
                0x0000000008006d38                calloc
 .text._calloc_r
                0x0000000008006d48       0x28 D:/dokumenty/STM32CubeIDE_1.13.1/STM32CubeIDE_1.14.1/STM32CubeIDE/plugins/com.st.stm32cube.ide.mcu.externaltools.gnu-tools-for-stm32.11.3.rel1.win32_1.1.100.202309141235/tools/bin/../lib/gcc/arm-none-eabi/11.3.1/../../../../arm-none-eabi/lib/thumb/v7-m/nofp\libc_nano.a(libc_a-callocr.o)
                0x0000000008006d48                _calloc_r
 .text.malloc   0x0000000008006d70       0x10 D:/dokumenty/STM32CubeIDE_1.13.1/STM32CubeIDE_1.14.1/STM32CubeIDE/plugins/com.st.stm32cube.ide.mcu.externaltools.gnu-tools-for-stm32.11.3.rel1.win32_1.1.100.202309141235/tools/bin/../lib/gcc/arm-none-eabi/11.3.1/../../../../arm-none-eabi/lib/thumb/v7-m/nofp\libc_nano.a(libc_a-malloc.o)
                0x0000000008006d70                malloc
 .text.free     0x0000000008006d80       0x10 D:/dokumenty/STM32CubeIDE_1.13.1/STM32CubeIDE_1.14.1/STM32CubeIDE/plugins/com.st.stm32cube.ide.mcu.externaltools.gnu-tools-for-stm32.11.3.rel1.win32_1.1.100.202309141235/tools/bin/../lib/gcc/arm-none-eabi/11.3.1/../../../../arm-none-eabi/lib/thumb/v7-m/nofp\libc_nano.a(libc_a-malloc.o)
                0x0000000008006d80                free
 .text.sbrk_aligned
                0x0000000008006d90       0x40 D:/dokumenty/STM32CubeIDE_1.13.1/STM32CubeIDE_1.14.1/STM32CubeIDE/plugins/com.st.stm32cube.ide.mcu.externaltools.gnu-tools-for-stm32.11.3.rel1.win32_1.1.100.202309141235/tools/bin/../lib/gcc/arm-none-eabi/11.3.1/../../../../arm-none-eabi/lib/thumb/v7-m/nofp\libc_nano.a(libc_a-mallocr.o)
 .text._malloc_r
                0x0000000008006dd0      0x100 D:/dokumenty/STM32CubeIDE_1.13.1/STM32CubeIDE_1.14.1/STM32CubeIDE/plugins/com.st.stm32cube.ide.mcu.externaltools.gnu-tools-for-stm32.11.3.rel1.win32_1.1.100.202309141235/tools/bin/../lib/gcc/arm-none-eabi/11.3.1/../../../../arm-none-eabi/lib/thumb/v7-m/nofp\libc_nano.a(libc_a-mallocr.o)
                0x0000000008006dd0                _malloc_r
 .text.__malloc_lock
                0x0000000008006ed0        0xc D:/dokumenty/STM32CubeIDE_1.13.1/STM32CubeIDE_1.14.1/STM32CubeIDE/plugins/com.st.stm32cube.ide.mcu.externaltools.gnu-tools-for-stm32.11.3.rel1.win32_1.1.100.202309141235/tools/bin/../lib/gcc/arm-none-eabi/11.3.1/../../../../arm-none-eabi/lib/thumb/v7-m/nofp\libc_nano.a(libc_a-mlock.o)
                0x0000000008006ed0                __malloc_lock
 .text.__malloc_unlock
                0x0000000008006edc        0xc D:/dokumenty/STM32CubeIDE_1.13.1/STM32CubeIDE_1.14.1/STM32CubeIDE/plugins/com.st.stm32cube.ide.mcu.externaltools.gnu-tools-for-stm32.11.3.rel1.win32_1.1.100.202309141235/tools/bin/../lib/gcc/arm-none-eabi/11.3.1/../../../../arm-none-eabi/lib/thumb/v7-m/nofp\libc_nano.a(libc_a-mlock.o)
                0x0000000008006edc                __malloc_unlock
 .text.realloc  0x0000000008006ee8       0x10 D:/dokumenty/STM32CubeIDE_1.13.1/STM32CubeIDE_1.14.1/STM32CubeIDE/plugins/com.st.stm32cube.ide.mcu.externaltools.gnu-tools-for-stm32.11.3.rel1.win32_1.1.100.202309141235/tools/bin/../lib/gcc/arm-none-eabi/11.3.1/../../../../arm-none-eabi/lib/thumb/v7-m/nofp\libc_nano.a(libc_a-realloc.o)
                0x0000000008006ee8                realloc
 .text._realloc_r
                0x0000000008006ef8       0x5e D:/dokumenty/STM32CubeIDE_1.13.1/STM32CubeIDE_1.14.1/STM32CubeIDE/plugins/com.st.stm32cube.ide.mcu.externaltools.gnu-tools-for-stm32.11.3.rel1.win32_1.1.100.202309141235/tools/bin/../lib/gcc/arm-none-eabi/11.3.1/../../../../arm-none-eabi/lib/thumb/v7-m/nofp\libc_nano.a(libc_a-reallocr.o)
                0x0000000008006ef8                _realloc_r
 *fill*         0x0000000008006f56        0x2 
 .text._strtol_l.constprop.0
                0x0000000008006f58       0xfc D:/dokumenty/STM32CubeIDE_1.13.1/STM32CubeIDE_1.14.1/STM32CubeIDE/plugins/com.st.stm32cube.ide.mcu.externaltools.gnu-tools-for-stm32.11.3.rel1.win32_1.1.100.202309141235/tools/bin/../lib/gcc/arm-none-eabi/11.3.1/../../../../arm-none-eabi/lib/thumb/v7-m/nofp\libc_nano.a(libc_a-strtol.o)
 .text.strtol   0x0000000008007054       0x14 D:/dokumenty/STM32CubeIDE_1.13.1/STM32CubeIDE_1.14.1/STM32CubeIDE/plugins/com.st.stm32cube.ide.mcu.externaltools.gnu-tools-for-stm32.11.3.rel1.win32_1.1.100.202309141235/tools/bin/../lib/gcc/arm-none-eabi/11.3.1/../../../../arm-none-eabi/lib/thumb/v7-m/nofp\libc_nano.a(libc_a-strtol.o)
                0x0000000008007054                strtol
 .text.__cvt    0x0000000008007068       0xbe D:/dokumenty/STM32CubeIDE_1.13.1/STM32CubeIDE_1.14.1/STM32CubeIDE/plugins/com.st.stm32cube.ide.mcu.externaltools.gnu-tools-for-stm32.11.3.rel1.win32_1.1.100.202309141235/tools/bin/../lib/gcc/arm-none-eabi/11.3.1/../../../../arm-none-eabi/lib/thumb/v7-m/nofp\libc_nano.a(libc_a-nano-vfprintf_float.o)
                0x0000000008007068                __cvt
 .text.__exponent
                0x0000000008007126       0x7a D:/dokumenty/STM32CubeIDE_1.13.1/STM32CubeIDE_1.14.1/STM32CubeIDE/plugins/com.st.stm32cube.ide.mcu.externaltools.gnu-tools-for-stm32.11.3.rel1.win32_1.1.100.202309141235/tools/bin/../lib/gcc/arm-none-eabi/11.3.1/../../../../arm-none-eabi/lib/thumb/v7-m/nofp\libc_nano.a(libc_a-nano-vfprintf_float.o)
                0x0000000008007126                __exponent
 .text._printf_float
                0x00000000080071a0      0x45c D:/dokumenty/STM32CubeIDE_1.13.1/STM32CubeIDE_1.14.1/STM32CubeIDE/plugins/com.st.stm32cube.ide.mcu.externaltools.gnu-tools-for-stm32.11.3.rel1.win32_1.1.100.202309141235/tools/bin/../lib/gcc/arm-none-eabi/11.3.1/../../../../arm-none-eabi/lib/thumb/v7-m/nofp\libc_nano.a(libc_a-nano-vfprintf_float.o)
                0x00000000080071a0                _printf_float
 .text._printf_common
                0x00000000080075fc       0xe4 D:/dokumenty/STM32CubeIDE_1.13.1/STM32CubeIDE_1.14.1/STM32CubeIDE/plugins/com.st.stm32cube.ide.mcu.externaltools.gnu-tools-for-stm32.11.3.rel1.win32_1.1.100.202309141235/tools/bin/../lib/gcc/arm-none-eabi/11.3.1/../../../../arm-none-eabi/lib/thumb/v7-m/nofp\libc_nano.a(libc_a-nano-vfprintf_i.o)
                0x00000000080075fc                _printf_common
 .text._printf_i
                0x00000000080076e0      0x244 D:/dokumenty/STM32CubeIDE_1.13.1/STM32CubeIDE_1.14.1/STM32CubeIDE/plugins/com.st.stm32cube.ide.mcu.externaltools.gnu-tools-for-stm32.11.3.rel1.win32_1.1.100.202309141235/tools/bin/../lib/gcc/arm-none-eabi/11.3.1/../../../../arm-none-eabi/lib/thumb/v7-m/nofp\libc_nano.a(libc_a-nano-vfprintf_i.o)
                0x00000000080076e0                _printf_i
 .text.std      0x0000000008007924       0x6c D:/dokumenty/STM32CubeIDE_1.13.1/STM32CubeIDE_1.14.1/STM32CubeIDE/plugins/com.st.stm32cube.ide.mcu.externaltools.gnu-tools-for-stm32.11.3.rel1.win32_1.1.100.202309141235/tools/bin/../lib/gcc/arm-none-eabi/11.3.1/../../../../arm-none-eabi/lib/thumb/v7-m/nofp\libc_nano.a(libc_a-findfp.o)
 .text.stdio_exit_handler
                0x0000000008007990       0x18 D:/dokumenty/STM32CubeIDE_1.13.1/STM32CubeIDE_1.14.1/STM32CubeIDE/plugins/com.st.stm32cube.ide.mcu.externaltools.gnu-tools-for-stm32.11.3.rel1.win32_1.1.100.202309141235/tools/bin/../lib/gcc/arm-none-eabi/11.3.1/../../../../arm-none-eabi/lib/thumb/v7-m/nofp\libc_nano.a(libc_a-findfp.o)
 .text.cleanup_stdio
                0x00000000080079a8       0x40 D:/dokumenty/STM32CubeIDE_1.13.1/STM32CubeIDE_1.14.1/STM32CubeIDE/plugins/com.st.stm32cube.ide.mcu.externaltools.gnu-tools-for-stm32.11.3.rel1.win32_1.1.100.202309141235/tools/bin/../lib/gcc/arm-none-eabi/11.3.1/../../../../arm-none-eabi/lib/thumb/v7-m/nofp\libc_nano.a(libc_a-findfp.o)
 .text.global_stdio_init.part.0
                0x00000000080079e8       0x3c D:/dokumenty/STM32CubeIDE_1.13.1/STM32CubeIDE_1.14.1/STM32CubeIDE/plugins/com.st.stm32cube.ide.mcu.externaltools.gnu-tools-for-stm32.11.3.rel1.win32_1.1.100.202309141235/tools/bin/../lib/gcc/arm-none-eabi/11.3.1/../../../../arm-none-eabi/lib/thumb/v7-m/nofp\libc_nano.a(libc_a-findfp.o)
 .text.__sfp_lock_acquire
                0x0000000008007a24        0xc D:/dokumenty/STM32CubeIDE_1.13.1/STM32CubeIDE_1.14.1/STM32CubeIDE/plugins/com.st.stm32cube.ide.mcu.externaltools.gnu-tools-for-stm32.11.3.rel1.win32_1.1.100.202309141235/tools/bin/../lib/gcc/arm-none-eabi/11.3.1/../../../../arm-none-eabi/lib/thumb/v7-m/nofp\libc_nano.a(libc_a-findfp.o)
                0x0000000008007a24                __sfp_lock_acquire
 .text.__sfp_lock_release
                0x0000000008007a30        0xc D:/dokumenty/STM32CubeIDE_1.13.1/STM32CubeIDE_1.14.1/STM32CubeIDE/plugins/com.st.stm32cube.ide.mcu.externaltools.gnu-tools-for-stm32.11.3.rel1.win32_1.1.100.202309141235/tools/bin/../lib/gcc/arm-none-eabi/11.3.1/../../../../arm-none-eabi/lib/thumb/v7-m/nofp\libc_nano.a(libc_a-findfp.o)
                0x0000000008007a30                __sfp_lock_release
 .text.__sinit  0x0000000008007a3c       0x30 D:/dokumenty/STM32CubeIDE_1.13.1/STM32CubeIDE_1.14.1/STM32CubeIDE/plugins/com.st.stm32cube.ide.mcu.externaltools.gnu-tools-for-stm32.11.3.rel1.win32_1.1.100.202309141235/tools/bin/../lib/gcc/arm-none-eabi/11.3.1/../../../../arm-none-eabi/lib/thumb/v7-m/nofp\libc_nano.a(libc_a-findfp.o)
                0x0000000008007a3c                __sinit
 .text._fwalk_sglue
                0x0000000008007a6c       0x3c D:/dokumenty/STM32CubeIDE_1.13.1/STM32CubeIDE_1.14.1/STM32CubeIDE/plugins/com.st.stm32cube.ide.mcu.externaltools.gnu-tools-for-stm32.11.3.rel1.win32_1.1.100.202309141235/tools/bin/../lib/gcc/arm-none-eabi/11.3.1/../../../../arm-none-eabi/lib/thumb/v7-m/nofp\libc_nano.a(libc_a-fwalk.o)
                0x0000000008007a6c                _fwalk_sglue
 .text.sprintf  0x0000000008007aa8       0x40 D:/dokumenty/STM32CubeIDE_1.13.1/STM32CubeIDE_1.14.1/STM32CubeIDE/plugins/com.st.stm32cube.ide.mcu.externaltools.gnu-tools-for-stm32.11.3.rel1.win32_1.1.100.202309141235/tools/bin/../lib/gcc/arm-none-eabi/11.3.1/../../../../arm-none-eabi/lib/thumb/v7-m/nofp\libc_nano.a(libc_a-sprintf.o)
                0x0000000008007aa8                siprintf
                0x0000000008007aa8                sprintf
 .text.__sread  0x0000000008007ae8       0x22 D:/dokumenty/STM32CubeIDE_1.13.1/STM32CubeIDE_1.14.1/STM32CubeIDE/plugins/com.st.stm32cube.ide.mcu.externaltools.gnu-tools-for-stm32.11.3.rel1.win32_1.1.100.202309141235/tools/bin/../lib/gcc/arm-none-eabi/11.3.1/../../../../arm-none-eabi/lib/thumb/v7-m/nofp\libc_nano.a(libc_a-stdio.o)
                0x0000000008007ae8                __sread
 .text.__swrite
                0x0000000008007b0a       0x38 D:/dokumenty/STM32CubeIDE_1.13.1/STM32CubeIDE_1.14.1/STM32CubeIDE/plugins/com.st.stm32cube.ide.mcu.externaltools.gnu-tools-for-stm32.11.3.rel1.win32_1.1.100.202309141235/tools/bin/../lib/gcc/arm-none-eabi/11.3.1/../../../../arm-none-eabi/lib/thumb/v7-m/nofp\libc_nano.a(libc_a-stdio.o)
                0x0000000008007b0a                __swrite
 .text.__sseek  0x0000000008007b42       0x24 D:/dokumenty/STM32CubeIDE_1.13.1/STM32CubeIDE_1.14.1/STM32CubeIDE/plugins/com.st.stm32cube.ide.mcu.externaltools.gnu-tools-for-stm32.11.3.rel1.win32_1.1.100.202309141235/tools/bin/../lib/gcc/arm-none-eabi/11.3.1/../../../../arm-none-eabi/lib/thumb/v7-m/nofp\libc_nano.a(libc_a-stdio.o)
                0x0000000008007b42                __sseek
 .text.__sclose
                0x0000000008007b66        0x8 D:/dokumenty/STM32CubeIDE_1.13.1/STM32CubeIDE_1.14.1/STM32CubeIDE/plugins/com.st.stm32cube.ide.mcu.externaltools.gnu-tools-for-stm32.11.3.rel1.win32_1.1.100.202309141235/tools/bin/../lib/gcc/arm-none-eabi/11.3.1/../../../../arm-none-eabi/lib/thumb/v7-m/nofp\libc_nano.a(libc_a-stdio.o)
                0x0000000008007b66                __sclose
 .text.memset   0x0000000008007b6e       0x10 D:/dokumenty/STM32CubeIDE_1.13.1/STM32CubeIDE_1.14.1/STM32CubeIDE/plugins/com.st.stm32cube.ide.mcu.externaltools.gnu-tools-for-stm32.11.3.rel1.win32_1.1.100.202309141235/tools/bin/../lib/gcc/arm-none-eabi/11.3.1/../../../../arm-none-eabi/lib/thumb/v7-m/nofp\libc_nano.a(libc_a-memset.o)
                0x0000000008007b6e                memset
 .text.strncmp  0x0000000008007b7e       0x24 D:/dokumenty/STM32CubeIDE_1.13.1/STM32CubeIDE_1.14.1/STM32CubeIDE/plugins/com.st.stm32cube.ide.mcu.externaltools.gnu-tools-for-stm32.11.3.rel1.win32_1.1.100.202309141235/tools/bin/../lib/gcc/arm-none-eabi/11.3.1/../../../../arm-none-eabi/lib/thumb/v7-m/nofp\libc_nano.a(libc_a-strncmp.o)
                0x0000000008007b7e                strncmp
 .text.strncpy  0x0000000008007ba2       0x26 D:/dokumenty/STM32CubeIDE_1.13.1/STM32CubeIDE_1.14.1/STM32CubeIDE/plugins/com.st.stm32cube.ide.mcu.externaltools.gnu-tools-for-stm32.11.3.rel1.win32_1.1.100.202309141235/tools/bin/../lib/gcc/arm-none-eabi/11.3.1/../../../../arm-none-eabi/lib/thumb/v7-m/nofp\libc_nano.a(libc_a-strncpy.o)
                0x0000000008007ba2                strncpy
 .text._localeconv_r
                0x0000000008007bc8        0x8 D:/dokumenty/STM32CubeIDE_1.13.1/STM32CubeIDE_1.14.1/STM32CubeIDE/plugins/com.st.stm32cube.ide.mcu.externaltools.gnu-tools-for-stm32.11.3.rel1.win32_1.1.100.202309141235/tools/bin/../lib/gcc/arm-none-eabi/11.3.1/../../../../arm-none-eabi/lib/thumb/v7-m/nofp\libc_nano.a(libc_a-localeconv.o)
                0x0000000008007bc8                _localeconv_r
 .text._close_r
                0x0000000008007bd0       0x20 D:/dokumenty/STM32CubeIDE_1.13.1/STM32CubeIDE_1.14.1/STM32CubeIDE/plugins/com.st.stm32cube.ide.mcu.externaltools.gnu-tools-for-stm32.11.3.rel1.win32_1.1.100.202309141235/tools/bin/../lib/gcc/arm-none-eabi/11.3.1/../../../../arm-none-eabi/lib/thumb/v7-m/nofp\libc_nano.a(libc_a-closer.o)
                0x0000000008007bd0                _close_r
 .text._lseek_r
                0x0000000008007bf0       0x24 D:/dokumenty/STM32CubeIDE_1.13.1/STM32CubeIDE_1.14.1/STM32CubeIDE/plugins/com.st.stm32cube.ide.mcu.externaltools.gnu-tools-for-stm32.11.3.rel1.win32_1.1.100.202309141235/tools/bin/../lib/gcc/arm-none-eabi/11.3.1/../../../../arm-none-eabi/lib/thumb/v7-m/nofp\libc_nano.a(libc_a-lseekr.o)
                0x0000000008007bf0                _lseek_r
 .text._read_r  0x0000000008007c14       0x24 D:/dokumenty/STM32CubeIDE_1.13.1/STM32CubeIDE_1.14.1/STM32CubeIDE/plugins/com.st.stm32cube.ide.mcu.externaltools.gnu-tools-for-stm32.11.3.rel1.win32_1.1.100.202309141235/tools/bin/../lib/gcc/arm-none-eabi/11.3.1/../../../../arm-none-eabi/lib/thumb/v7-m/nofp\libc_nano.a(libc_a-readr.o)
                0x0000000008007c14                _read_r
 .text._sbrk_r  0x0000000008007c38       0x20 D:/dokumenty/STM32CubeIDE_1.13.1/STM32CubeIDE_1.14.1/STM32CubeIDE/plugins/com.st.stm32cube.ide.mcu.externaltools.gnu-tools-for-stm32.11.3.rel1.win32_1.1.100.202309141235/tools/bin/../lib/gcc/arm-none-eabi/11.3.1/../../../../arm-none-eabi/lib/thumb/v7-m/nofp\libc_nano.a(libc_a-sbrkr.o)
                0x0000000008007c38                _sbrk_r
 .text._write_r
                0x0000000008007c58       0x24 D:/dokumenty/STM32CubeIDE_1.13.1/STM32CubeIDE_1.14.1/STM32CubeIDE/plugins/com.st.stm32cube.ide.mcu.externaltools.gnu-tools-for-stm32.11.3.rel1.win32_1.1.100.202309141235/tools/bin/../lib/gcc/arm-none-eabi/11.3.1/../../../../arm-none-eabi/lib/thumb/v7-m/nofp\libc_nano.a(libc_a-writer.o)
                0x0000000008007c58                _write_r
 .text.__errno  0x0000000008007c7c        0xc D:/dokumenty/STM32CubeIDE_1.13.1/STM32CubeIDE_1.14.1/STM32CubeIDE/plugins/com.st.stm32cube.ide.mcu.externaltools.gnu-tools-for-stm32.11.3.rel1.win32_1.1.100.202309141235/tools/bin/../lib/gcc/arm-none-eabi/11.3.1/../../../../arm-none-eabi/lib/thumb/v7-m/nofp\libc_nano.a(libc_a-errno.o)
                0x0000000008007c7c                __errno
 .text.__libc_init_array
                0x0000000008007c88       0x48 D:/dokumenty/STM32CubeIDE_1.13.1/STM32CubeIDE_1.14.1/STM32CubeIDE/plugins/com.st.stm32cube.ide.mcu.externaltools.gnu-tools-for-stm32.11.3.rel1.win32_1.1.100.202309141235/tools/bin/../lib/gcc/arm-none-eabi/11.3.1/../../../../arm-none-eabi/lib/thumb/v7-m/nofp\libc_nano.a(libc_a-init.o)
                0x0000000008007c88                __libc_init_array
 .text.__retarget_lock_init_recursive
                0x0000000008007cd0        0x2 D:/dokumenty/STM32CubeIDE_1.13.1/STM32CubeIDE_1.14.1/STM32CubeIDE/plugins/com.st.stm32cube.ide.mcu.externaltools.gnu-tools-for-stm32.11.3.rel1.win32_1.1.100.202309141235/tools/bin/../lib/gcc/arm-none-eabi/11.3.1/../../../../arm-none-eabi/lib/thumb/v7-m/nofp\libc_nano.a(libc_a-lock.o)
                0x0000000008007cd0                __retarget_lock_init_recursive
 .text.__retarget_lock_acquire_recursive
                0x0000000008007cd2        0x2 D:/dokumenty/STM32CubeIDE_1.13.1/STM32CubeIDE_1.14.1/STM32CubeIDE/plugins/com.st.stm32cube.ide.mcu.externaltools.gnu-tools-for-stm32.11.3.rel1.win32_1.1.100.202309141235/tools/bin/../lib/gcc/arm-none-eabi/11.3.1/../../../../arm-none-eabi/lib/thumb/v7-m/nofp\libc_nano.a(libc_a-lock.o)
                0x0000000008007cd2                __retarget_lock_acquire_recursive
 .text.__retarget_lock_release_recursive
                0x0000000008007cd4        0x2 D:/dokumenty/STM32CubeIDE_1.13.1/STM32CubeIDE_1.14.1/STM32CubeIDE/plugins/com.st.stm32cube.ide.mcu.externaltools.gnu-tools-for-stm32.11.3.rel1.win32_1.1.100.202309141235/tools/bin/../lib/gcc/arm-none-eabi/11.3.1/../../../../arm-none-eabi/lib/thumb/v7-m/nofp\libc_nano.a(libc_a-lock.o)
                0x0000000008007cd4                __retarget_lock_release_recursive
 .text.strcpy   0x0000000008007cd6       0x10 D:/dokumenty/STM32CubeIDE_1.13.1/STM32CubeIDE_1.14.1/STM32CubeIDE/plugins/com.st.stm32cube.ide.mcu.externaltools.gnu-tools-for-stm32.11.3.rel1.win32_1.1.100.202309141235/tools/bin/../lib/gcc/arm-none-eabi/11.3.1/../../../../arm-none-eabi/lib/thumb/v7-m/nofp\libc_nano.a(libc_a-strcpy.o)
                0x0000000008007cd6                strcpy
 .text.memchr   0x0000000008007ce6       0x1c D:/dokumenty/STM32CubeIDE_1.13.1/STM32CubeIDE_1.14.1/STM32CubeIDE/plugins/com.st.stm32cube.ide.mcu.externaltools.gnu-tools-for-stm32.11.3.rel1.win32_1.1.100.202309141235/tools/bin/../lib/gcc/arm-none-eabi/11.3.1/../../../../arm-none-eabi/lib/thumb/v7-m/nofp\libc_nano.a(libc_a-memchr-stub.o)
                0x0000000008007ce6                memchr
 .text.memcpy   0x0000000008007d02       0x1c D:/dokumenty/STM32CubeIDE_1.13.1/STM32CubeIDE_1.14.1/STM32CubeIDE/plugins/com.st.stm32cube.ide.mcu.externaltools.gnu-tools-for-stm32.11.3.rel1.win32_1.1.100.202309141235/tools/bin/../lib/gcc/arm-none-eabi/11.3.1/../../../../arm-none-eabi/lib/thumb/v7-m/nofp\libc_nano.a(libc_a-memcpy-stub.o)
                0x0000000008007d02                memcpy
 .text.quorem   0x0000000008007d1e      0x112 D:/dokumenty/STM32CubeIDE_1.13.1/STM32CubeIDE_1.14.1/STM32CubeIDE/plugins/com.st.stm32cube.ide.mcu.externaltools.gnu-tools-for-stm32.11.3.rel1.win32_1.1.100.202309141235/tools/bin/../lib/gcc/arm-none-eabi/11.3.1/../../../../arm-none-eabi/lib/thumb/v7-m/nofp\libc_nano.a(libc_a-dtoa.o)
 .text._dtoa_r  0x0000000008007e30      0xbc8 D:/dokumenty/STM32CubeIDE_1.13.1/STM32CubeIDE_1.14.1/STM32CubeIDE/plugins/com.st.stm32cube.ide.mcu.externaltools.gnu-tools-for-stm32.11.3.rel1.win32_1.1.100.202309141235/tools/bin/../lib/gcc/arm-none-eabi/11.3.1/../../../../arm-none-eabi/lib/thumb/v7-m/nofp\libc_nano.a(libc_a-dtoa.o)
                0x0000000008007e30                _dtoa_r
 .text._free_r  0x00000000080089f8       0x90 D:/dokumenty/STM32CubeIDE_1.13.1/STM32CubeIDE_1.14.1/STM32CubeIDE/plugins/com.st.stm32cube.ide.mcu.externaltools.gnu-tools-for-stm32.11.3.rel1.win32_1.1.100.202309141235/tools/bin/../lib/gcc/arm-none-eabi/11.3.1/../../../../arm-none-eabi/lib/thumb/v7-m/nofp\libc_nano.a(libc_a-freer.o)
                0x00000000080089f8                _free_r
 .text._Balloc  0x0000000008008a88       0x80 D:/dokumenty/STM32CubeIDE_1.13.1/STM32CubeIDE_1.14.1/STM32CubeIDE/plugins/com.st.stm32cube.ide.mcu.externaltools.gnu-tools-for-stm32.11.3.rel1.win32_1.1.100.202309141235/tools/bin/../lib/gcc/arm-none-eabi/11.3.1/../../../../arm-none-eabi/lib/thumb/v7-m/nofp\libc_nano.a(libc_a-mprec.o)
                0x0000000008008a88                _Balloc
 .text._Bfree   0x0000000008008b08       0x44 D:/dokumenty/STM32CubeIDE_1.13.1/STM32CubeIDE_1.14.1/STM32CubeIDE/plugins/com.st.stm32cube.ide.mcu.externaltools.gnu-tools-for-stm32.11.3.rel1.win32_1.1.100.202309141235/tools/bin/../lib/gcc/arm-none-eabi/11.3.1/../../../../arm-none-eabi/lib/thumb/v7-m/nofp\libc_nano.a(libc_a-mprec.o)
                0x0000000008008b08                _Bfree
 .text.__multadd
                0x0000000008008b4c       0x8c D:/dokumenty/STM32CubeIDE_1.13.1/STM32CubeIDE_1.14.1/STM32CubeIDE/plugins/com.st.stm32cube.ide.mcu.externaltools.gnu-tools-for-stm32.11.3.rel1.win32_1.1.100.202309141235/tools/bin/../lib/gcc/arm-none-eabi/11.3.1/../../../../arm-none-eabi/lib/thumb/v7-m/nofp\libc_nano.a(libc_a-mprec.o)
                0x0000000008008b4c                __multadd
 .text.__hi0bits
                0x0000000008008bd8       0x40 D:/dokumenty/STM32CubeIDE_1.13.1/STM32CubeIDE_1.14.1/STM32CubeIDE/plugins/com.st.stm32cube.ide.mcu.externaltools.gnu-tools-for-stm32.11.3.rel1.win32_1.1.100.202309141235/tools/bin/../lib/gcc/arm-none-eabi/11.3.1/../../../../arm-none-eabi/lib/thumb/v7-m/nofp\libc_nano.a(libc_a-mprec.o)
                0x0000000008008bd8                __hi0bits
 .text.__lo0bits
                0x0000000008008c18       0x5a D:/dokumenty/STM32CubeIDE_1.13.1/STM32CubeIDE_1.14.1/STM32CubeIDE/plugins/com.st.stm32cube.ide.mcu.externaltools.gnu-tools-for-stm32.11.3.rel1.win32_1.1.100.202309141235/tools/bin/../lib/gcc/arm-none-eabi/11.3.1/../../../../arm-none-eabi/lib/thumb/v7-m/nofp\libc_nano.a(libc_a-mprec.o)
                0x0000000008008c18                __lo0bits
 *fill*         0x0000000008008c72        0x2 
 .text.__i2b    0x0000000008008c74       0x2c D:/dokumenty/STM32CubeIDE_1.13.1/STM32CubeIDE_1.14.1/STM32CubeIDE/plugins/com.st.stm32cube.ide.mcu.externaltools.gnu-tools-for-stm32.11.3.rel1.win32_1.1.100.202309141235/tools/bin/../lib/gcc/arm-none-eabi/11.3.1/../../../../arm-none-eabi/lib/thumb/v7-m/nofp\libc_nano.a(libc_a-mprec.o)
                0x0000000008008c74                __i2b
 .text.__multiply
                0x0000000008008ca0      0x150 D:/dokumenty/STM32CubeIDE_1.13.1/STM32CubeIDE_1.14.1/STM32CubeIDE/plugins/com.st.stm32cube.ide.mcu.externaltools.gnu-tools-for-stm32.11.3.rel1.win32_1.1.100.202309141235/tools/bin/../lib/gcc/arm-none-eabi/11.3.1/../../../../arm-none-eabi/lib/thumb/v7-m/nofp\libc_nano.a(libc_a-mprec.o)
                0x0000000008008ca0                __multiply
 .text.__pow5mult
                0x0000000008008df0       0xb4 D:/dokumenty/STM32CubeIDE_1.13.1/STM32CubeIDE_1.14.1/STM32CubeIDE/plugins/com.st.stm32cube.ide.mcu.externaltools.gnu-tools-for-stm32.11.3.rel1.win32_1.1.100.202309141235/tools/bin/../lib/gcc/arm-none-eabi/11.3.1/../../../../arm-none-eabi/lib/thumb/v7-m/nofp\libc_nano.a(libc_a-mprec.o)
                0x0000000008008df0                __pow5mult
 .text.__lshift
                0x0000000008008ea4       0xd8 D:/dokumenty/STM32CubeIDE_1.13.1/STM32CubeIDE_1.14.1/STM32CubeIDE/plugins/com.st.stm32cube.ide.mcu.externaltools.gnu-tools-for-stm32.11.3.rel1.win32_1.1.100.202309141235/tools/bin/../lib/gcc/arm-none-eabi/11.3.1/../../../../arm-none-eabi/lib/thumb/v7-m/nofp\libc_nano.a(libc_a-mprec.o)
                0x0000000008008ea4                __lshift
 .text.__mcmp   0x0000000008008f7c       0x36 D:/dokumenty/STM32CubeIDE_1.13.1/STM32CubeIDE_1.14.1/STM32CubeIDE/plugins/com.st.stm32cube.ide.mcu.externaltools.gnu-tools-for-stm32.11.3.rel1.win32_1.1.100.202309141235/tools/bin/../lib/gcc/arm-none-eabi/11.3.1/../../../../arm-none-eabi/lib/thumb/v7-m/nofp\libc_nano.a(libc_a-mprec.o)
                0x0000000008008f7c                __mcmp
 *fill*         0x0000000008008fb2        0x2 
 .text.__mdiff  0x0000000008008fb4      0x118 D:/dokumenty/STM32CubeIDE_1.13.1/STM32CubeIDE_1.14.1/STM32CubeIDE/plugins/com.st.stm32cube.ide.mcu.externaltools.gnu-tools-for-stm32.11.3.rel1.win32_1.1.100.202309141235/tools/bin/../lib/gcc/arm-none-eabi/11.3.1/../../../../arm-none-eabi/lib/thumb/v7-m/nofp\libc_nano.a(libc_a-mprec.o)
                0x0000000008008fb4                __mdiff
 .text.__d2b    0x00000000080090cc       0xac D:/dokumenty/STM32CubeIDE_1.13.1/STM32CubeIDE_1.14.1/STM32CubeIDE/plugins/com.st.stm32cube.ide.mcu.externaltools.gnu-tools-for-stm32.11.3.rel1.win32_1.1.100.202309141235/tools/bin/../lib/gcc/arm-none-eabi/11.3.1/../../../../arm-none-eabi/lib/thumb/v7-m/nofp\libc_nano.a(libc_a-mprec.o)
                0x00000000080090cc                __d2b
 .text._malloc_usable_size_r
                0x0000000008009178       0x10 D:/dokumenty/STM32CubeIDE_1.13.1/STM32CubeIDE_1.14.1/STM32CubeIDE/plugins/com.st.stm32cube.ide.mcu.externaltools.gnu-tools-for-stm32.11.3.rel1.win32_1.1.100.202309141235/tools/bin/../lib/gcc/arm-none-eabi/11.3.1/../../../../arm-none-eabi/lib/thumb/v7-m/nofp\libc_nano.a(libc_a-msizer.o)
                0x0000000008009178                _malloc_usable_size_r
 .text.__ssputs_r
                0x0000000008009188       0xb4 D:/dokumenty/STM32CubeIDE_1.13.1/STM32CubeIDE_1.14.1/STM32CubeIDE/plugins/com.st.stm32cube.ide.mcu.externaltools.gnu-tools-for-stm32.11.3.rel1.win32_1.1.100.202309141235/tools/bin/../lib/gcc/arm-none-eabi/11.3.1/../../../../arm-none-eabi/lib/thumb/v7-m/nofp\libc_nano.a(libc_a-nano-svfprintf.o)
                0x0000000008009188                __ssputs_r
 .text._svfprintf_r
                0x000000000800923c      0x1fc D:/dokumenty/STM32CubeIDE_1.13.1/STM32CubeIDE_1.14.1/STM32CubeIDE/plugins/com.st.stm32cube.ide.mcu.externaltools.gnu-tools-for-stm32.11.3.rel1.win32_1.1.100.202309141235/tools/bin/../lib/gcc/arm-none-eabi/11.3.1/../../../../arm-none-eabi/lib/thumb/v7-m/nofp\libc_nano.a(libc_a-nano-svfprintf.o)
                0x000000000800923c                _svfiprintf_r
                0x000000000800923c                _svfprintf_r
 .text.__sflush_r
                0x0000000008009438      0x104 D:/dokumenty/STM32CubeIDE_1.13.1/STM32CubeIDE_1.14.1/STM32CubeIDE/plugins/com.st.stm32cube.ide.mcu.externaltools.gnu-tools-for-stm32.11.3.rel1.win32_1.1.100.202309141235/tools/bin/../lib/gcc/arm-none-eabi/11.3.1/../../../../arm-none-eabi/lib/thumb/v7-m/nofp\libc_nano.a(libc_a-fflush.o)
                0x0000000008009438                __sflush_r
 .text._fflush_r
                0x000000000800953c       0x50 D:/dokumenty/STM32CubeIDE_1.13.1/STM32CubeIDE_1.14.1/STM32CubeIDE/plugins/com.st.stm32cube.ide.mcu.externaltools.gnu-tools-for-stm32.11.3.rel1.win32_1.1.100.202309141235/tools/bin/../lib/gcc/arm-none-eabi/11.3.1/../../../../arm-none-eabi/lib/thumb/v7-m/nofp\libc_nano.a(libc_a-fflush.o)
                0x000000000800953c                _fflush_r
 .text.memmove  0x000000000800958c       0x34 D:/dokumenty/STM32CubeIDE_1.13.1/STM32CubeIDE_1.14.1/STM32CubeIDE/plugins/com.st.stm32cube.ide.mcu.externaltools.gnu-tools-for-stm32.11.3.rel1.win32_1.1.100.202309141235/tools/bin/../lib/gcc/arm-none-eabi/11.3.1/../../../../arm-none-eabi/lib/thumb/v7-m/nofp\libc_nano.a(libc_a-memmove.o)
                0x000000000800958c                memmove
 .text.__assert_func
                0x00000000080095c0       0x3c D:/dokumenty/STM32CubeIDE_1.13.1/STM32CubeIDE_1.14.1/STM32CubeIDE/plugins/com.st.stm32cube.ide.mcu.externaltools.gnu-tools-for-stm32.11.3.rel1.win32_1.1.100.202309141235/tools/bin/../lib/gcc/arm-none-eabi/11.3.1/../../../../arm-none-eabi/lib/thumb/v7-m/nofp\libc_nano.a(libc_a-assert.o)
                0x00000000080095c0                __assert_func
 .text.__ascii_mbtowc
                0x00000000080095fc       0x24 D:/dokumenty/STM32CubeIDE_1.13.1/STM32CubeIDE_1.14.1/STM32CubeIDE/plugins/com.st.stm32cube.ide.mcu.externaltools.gnu-tools-for-stm32.11.3.rel1.win32_1.1.100.202309141235/tools/bin/../lib/gcc/arm-none-eabi/11.3.1/../../../../arm-none-eabi/lib/thumb/v7-m/nofp\libc_nano.a(libc_a-mbtowc_r.o)
                0x00000000080095fc                __ascii_mbtowc
 .text.__ascii_wctomb
                0x0000000008009620       0x1a D:/dokumenty/STM32CubeIDE_1.13.1/STM32CubeIDE_1.14.1/STM32CubeIDE/plugins/com.st.stm32cube.ide.mcu.externaltools.gnu-tools-for-stm32.11.3.rel1.win32_1.1.100.202309141235/tools/bin/../lib/gcc/arm-none-eabi/11.3.1/../../../../arm-none-eabi/lib/thumb/v7-m/nofp\libc_nano.a(libc_a-wctomb_r.o)
                0x0000000008009620                __ascii_wctomb
 *fill*         0x000000000800963a        0x2 
 .text.fprintf  0x000000000800963c       0x24 D:/dokumenty/STM32CubeIDE_1.13.1/STM32CubeIDE_1.14.1/STM32CubeIDE/plugins/com.st.stm32cube.ide.mcu.externaltools.gnu-tools-for-stm32.11.3.rel1.win32_1.1.100.202309141235/tools/bin/../lib/gcc/arm-none-eabi/11.3.1/../../../../arm-none-eabi/lib/thumb/v7-m/nofp\libc_nano.a(libc_a-fprintf.o)
                0x000000000800963c                fiprintf
                0x000000000800963c                fprintf
 .text.abort    0x0000000008009660        0xe D:/dokumenty/STM32CubeIDE_1.13.1/STM32CubeIDE_1.14.1/STM32CubeIDE/plugins/com.st.stm32cube.ide.mcu.externaltools.gnu-tools-for-stm32.11.3.rel1.win32_1.1.100.202309141235/tools/bin/../lib/gcc/arm-none-eabi/11.3.1/../../../../arm-none-eabi/lib/thumb/v7-m/nofp\libc_nano.a(libc_a-abort.o)
                0x0000000008009660                abort
 .text.__sfputc_r
                0x000000000800966e       0x2a D:/dokumenty/STM32CubeIDE_1.13.1/STM32CubeIDE_1.14.1/STM32CubeIDE/plugins/com.st.stm32cube.ide.mcu.externaltools.gnu-tools-for-stm32.11.3.rel1.win32_1.1.100.202309141235/tools/bin/../lib/gcc/arm-none-eabi/11.3.1/../../../../arm-none-eabi/lib/thumb/v7-m/nofp\libc_nano.a(libc_a-nano-vfprintf.o)
 .text.__sfputs_r
                0x0000000008009698       0x24 D:/dokumenty/STM32CubeIDE_1.13.1/STM32CubeIDE_1.14.1/STM32CubeIDE/plugins/com.st.stm32cube.ide.mcu.externaltools.gnu-tools-for-stm32.11.3.rel1.win32_1.1.100.202309141235/tools/bin/../lib/gcc/arm-none-eabi/11.3.1/../../../../arm-none-eabi/lib/thumb/v7-m/nofp\libc_nano.a(libc_a-nano-vfprintf.o)
                0x0000000008009698                __sfputs_r
 .text._vfprintf_r
                0x00000000080096bc      0x234 D:/dokumenty/STM32CubeIDE_1.13.1/STM32CubeIDE_1.14.1/STM32CubeIDE/plugins/com.st.stm32cube.ide.mcu.externaltools.gnu-tools-for-stm32.11.3.rel1.win32_1.1.100.202309141235/tools/bin/../lib/gcc/arm-none-eabi/11.3.1/../../../../arm-none-eabi/lib/thumb/v7-m/nofp\libc_nano.a(libc_a-nano-vfprintf.o)
                0x00000000080096bc                _vfprintf_r
                0x00000000080096bc                _vfiprintf_r
 .text.__swbuf_r
                0x00000000080098f0       0x7a D:/dokumenty/STM32CubeIDE_1.13.1/STM32CubeIDE_1.14.1/STM32CubeIDE/plugins/com.st.stm32cube.ide.mcu.externaltools.gnu-tools-for-stm32.11.3.rel1.win32_1.1.100.202309141235/tools/bin/../lib/gcc/arm-none-eabi/11.3.1/../../../../arm-none-eabi/lib/thumb/v7-m/nofp\libc_nano.a(libc_a-wbuf.o)
                0x00000000080098f0                __swbuf_r
 *fill*         0x000000000800996a        0x2 
 .text.__swsetup_r
                0x000000000800996c       0xb0 D:/dokumenty/STM32CubeIDE_1.13.1/STM32CubeIDE_1.14.1/STM32CubeIDE/plugins/com.st.stm32cube.ide.mcu.externaltools.gnu-tools-for-stm32.11.3.rel1.win32_1.1.100.202309141235/tools/bin/../lib/gcc/arm-none-eabi/11.3.1/../../../../arm-none-eabi/lib/thumb/v7-m/nofp\libc_nano.a(libc_a-wsetup.o)
                0x000000000800996c                __swsetup_r
 .text._raise_r
                0x0000000008009a1c       0x50 D:/dokumenty/STM32CubeIDE_1.13.1/STM32CubeIDE_1.14.1/STM32CubeIDE/plugins/com.st.stm32cube.ide.mcu.externaltools.gnu-tools-for-stm32.11.3.rel1.win32_1.1.100.202309141235/tools/bin/../lib/gcc/arm-none-eabi/11.3.1/../../../../arm-none-eabi/lib/thumb/v7-m/nofp\libc_nano.a(libc_a-signal.o)
                0x0000000008009a1c                _raise_r
 .text.raise    0x0000000008009a6c       0x10 D:/dokumenty/STM32CubeIDE_1.13.1/STM32CubeIDE_1.14.1/STM32CubeIDE/plugins/com.st.stm32cube.ide.mcu.externaltools.gnu-tools-for-stm32.11.3.rel1.win32_1.1.100.202309141235/tools/bin/../lib/gcc/arm-none-eabi/11.3.1/../../../../arm-none-eabi/lib/thumb/v7-m/nofp\libc_nano.a(libc_a-signal.o)
                0x0000000008009a6c                raise
 .text._kill_r  0x0000000008009a7c       0x24 D:/dokumenty/STM32CubeIDE_1.13.1/STM32CubeIDE_1.14.1/STM32CubeIDE/plugins/com.st.stm32cube.ide.mcu.externaltools.gnu-tools-for-stm32.11.3.rel1.win32_1.1.100.202309141235/tools/bin/../lib/gcc/arm-none-eabi/11.3.1/../../../../arm-none-eabi/lib/thumb/v7-m/nofp\libc_nano.a(libc_a-signalr.o)
                0x0000000008009a7c                _kill_r
 .text._getpid_r
                0x0000000008009aa0        0x4 D:/dokumenty/STM32CubeIDE_1.13.1/STM32CubeIDE_1.14.1/STM32CubeIDE/plugins/com.st.stm32cube.ide.mcu.externaltools.gnu-tools-for-stm32.11.3.rel1.win32_1.1.100.202309141235/tools/bin/../lib/gcc/arm-none-eabi/11.3.1/../../../../arm-none-eabi/lib/thumb/v7-m/nofp\libc_nano.a(libc_a-signalr.o)
                0x0000000008009aa0                _getpid_r
 .text.__swhatbuf_r
                0x0000000008009aa4       0x4a D:/dokumenty/STM32CubeIDE_1.13.1/STM32CubeIDE_1.14.1/STM32CubeIDE/plugins/com.st.stm32cube.ide.mcu.externaltools.gnu-tools-for-stm32.11.3.rel1.win32_1.1.100.202309141235/tools/bin/../lib/gcc/arm-none-eabi/11.3.1/../../../../arm-none-eabi/lib/thumb/v7-m/nofp\libc_nano.a(libc_a-makebuf.o)
                0x0000000008009aa4                __swhatbuf_r
 .text.__smakebuf_r
                0x0000000008009aee       0x78 D:/dokumenty/STM32CubeIDE_1.13.1/STM32CubeIDE_1.14.1/STM32CubeIDE/plugins/com.st.stm32cube.ide.mcu.externaltools.gnu-tools-for-stm32.11.3.rel1.win32_1.1.100.202309141235/tools/bin/../lib/gcc/arm-none-eabi/11.3.1/../../../../arm-none-eabi/lib/thumb/v7-m/nofp\libc_nano.a(libc_a-makebuf.o)
                0x0000000008009aee                __smakebuf_r
 *fill*         0x0000000008009b66        0x2 
 .text._fstat_r
                0x0000000008009b68       0x24 D:/dokumenty/STM32CubeIDE_1.13.1/STM32CubeIDE_1.14.1/STM32CubeIDE/plugins/com.st.stm32cube.ide.mcu.externaltools.gnu-tools-for-stm32.11.3.rel1.win32_1.1.100.202309141235/tools/bin/../lib/gcc/arm-none-eabi/11.3.1/../../../../arm-none-eabi/lib/thumb/v7-m/nofp\libc_nano.a(libc_a-fstatr.o)
                0x0000000008009b68                _fstat_r
 .text._isatty_r
                0x0000000008009b8c       0x20 D:/dokumenty/STM32CubeIDE_1.13.1/STM32CubeIDE_1.14.1/STM32CubeIDE/plugins/com.st.stm32cube.ide.mcu.externaltools.gnu-tools-for-stm32.11.3.rel1.win32_1.1.100.202309141235/tools/bin/../lib/gcc/arm-none-eabi/11.3.1/../../../../arm-none-eabi/lib/thumb/v7-m/nofp\libc_nano.a(libc_a-isattyr.o)
                0x0000000008009b8c                _isatty_r
 .text.sinf     0x0000000008009bac       0x74 D:/dokumenty/STM32CubeIDE_1.13.1/STM32CubeIDE_1.14.1/STM32CubeIDE/plugins/com.st.stm32cube.ide.mcu.externaltools.gnu-tools-for-stm32.11.3.rel1.win32_1.1.100.202309141235/tools/bin/../lib/gcc/arm-none-eabi/11.3.1/../../../../arm-none-eabi/lib/thumb/v7-m/nofp\libm.a(libm_a-sf_sin.o)
                0x0000000008009bac                sinf
 .text.round    0x0000000008009c20       0x8c D:/dokumenty/STM32CubeIDE_1.13.1/STM32CubeIDE_1.14.1/STM32CubeIDE/plugins/com.st.stm32cube.ide.mcu.externaltools.gnu-tools-for-stm32.11.3.rel1.win32_1.1.100.202309141235/tools/bin/../lib/gcc/arm-none-eabi/11.3.1/../../../../arm-none-eabi/lib/thumb/v7-m/nofp\libm.a(libm_a-s_round.o)
                0x0000000008009c20                round
 .text.__kernel_cosf
                0x0000000008009cac      0x100 D:/dokumenty/STM32CubeIDE_1.13.1/STM32CubeIDE_1.14.1/STM32CubeIDE/plugins/com.st.stm32cube.ide.mcu.externaltools.gnu-tools-for-stm32.11.3.rel1.win32_1.1.100.202309141235/tools/bin/../lib/gcc/arm-none-eabi/11.3.1/../../../../arm-none-eabi/lib/thumb/v7-m/nofp\libm.a(libm_a-kf_cos.o)
                0x0000000008009cac                __kernel_cosf
 .text.__kernel_sinf
                0x0000000008009dac       0xec D:/dokumenty/STM32CubeIDE_1.13.1/STM32CubeIDE_1.14.1/STM32CubeIDE/plugins/com.st.stm32cube.ide.mcu.externaltools.gnu-tools-for-stm32.11.3.rel1.win32_1.1.100.202309141235/tools/bin/../lib/gcc/arm-none-eabi/11.3.1/../../../../arm-none-eabi/lib/thumb/v7-m/nofp\libm.a(libm_a-kf_sin.o)
                0x0000000008009dac                __kernel_sinf
 .text.__ieee754_rem_pio2f
                0x0000000008009e98      0x2bc D:/dokumenty/STM32CubeIDE_1.13.1/STM32CubeIDE_1.14.1/STM32CubeIDE/plugins/com.st.stm32cube.ide.mcu.externaltools.gnu-tools-for-stm32.11.3.rel1.win32_1.1.100.202309141235/tools/bin/../lib/gcc/arm-none-eabi/11.3.1/../../../../arm-none-eabi/lib/thumb/v7-m/nofp\libm.a(libm_a-ef_rem_pio2.o)
                0x0000000008009e98                __ieee754_rem_pio2f
 .text.fabsf    0x000000000800a154        0x6 D:/dokumenty/STM32CubeIDE_1.13.1/STM32CubeIDE_1.14.1/STM32CubeIDE/plugins/com.st.stm32cube.ide.mcu.externaltools.gnu-tools-for-stm32.11.3.rel1.win32_1.1.100.202309141235/tools/bin/../lib/gcc/arm-none-eabi/11.3.1/../../../../arm-none-eabi/lib/thumb/v7-m/nofp\libm.a(libm_a-sf_fabs.o)
                0x000000000800a154                fabsf
 *fill*         0x000000000800a15a        0x2 
 .text.__kernel_rem_pio2f
                0x000000000800a15c      0x568 D:/dokumenty/STM32CubeIDE_1.13.1/STM32CubeIDE_1.14.1/STM32CubeIDE/plugins/com.st.stm32cube.ide.mcu.externaltools.gnu-tools-for-stm32.11.3.rel1.win32_1.1.100.202309141235/tools/bin/../lib/gcc/arm-none-eabi/11.3.1/../../../../arm-none-eabi/lib/thumb/v7-m/nofp\libm.a(libm_a-kf_rem_pio2.o)
                0x000000000800a15c                __kernel_rem_pio2f
 .text.scalbnf  0x000000000800a6c4       0x98 D:/dokumenty/STM32CubeIDE_1.13.1/STM32CubeIDE_1.14.1/STM32CubeIDE/plugins/com.st.stm32cube.ide.mcu.externaltools.gnu-tools-for-stm32.11.3.rel1.win32_1.1.100.202309141235/tools/bin/../lib/gcc/arm-none-eabi/11.3.1/../../../../arm-none-eabi/lib/thumb/v7-m/nofp\libm.a(libm_a-sf_scalbn.o)
                0x000000000800a6c4                scalbnf
 .text.floorf   0x000000000800a75c       0x80 D:/dokumenty/STM32CubeIDE_1.13.1/STM32CubeIDE_1.14.1/STM32CubeIDE/plugins/com.st.stm32cube.ide.mcu.externaltools.gnu-tools-for-stm32.11.3.rel1.win32_1.1.100.202309141235/tools/bin/../lib/gcc/arm-none-eabi/11.3.1/../../../../arm-none-eabi/lib/thumb/v7-m/nofp\libm.a(libm_a-sf_floor.o)
                0x000000000800a75c                floorf
 *(.glue_7)
 .glue_7        0x000000000800a7dc        0x0 linker stubs
 *(.glue_7t)
 .glue_7t       0x000000000800a7dc        0x0 linker stubs
 *(.eh_frame)
 .eh_frame      0x000000000800a7dc        0x0 D:/dokumenty/STM32CubeIDE_1.13.1/STM32CubeIDE_1.14.1/STM32CubeIDE/plugins/com.st.stm32cube.ide.mcu.externaltools.gnu-tools-for-stm32.11.3.rel1.win32_1.1.100.202309141235/tools/bin/../lib/gcc/arm-none-eabi/11.3.1/thumb/v7-m/nofp/crtbegin.o
 *(.init)
 .init          0x000000000800a7dc        0x4 D:/dokumenty/STM32CubeIDE_1.13.1/STM32CubeIDE_1.14.1/STM32CubeIDE/plugins/com.st.stm32cube.ide.mcu.externaltools.gnu-tools-for-stm32.11.3.rel1.win32_1.1.100.202309141235/tools/bin/../lib/gcc/arm-none-eabi/11.3.1/thumb/v7-m/nofp/crti.o
                0x000000000800a7dc                _init
 .init          0x000000000800a7e0        0x8 D:/dokumenty/STM32CubeIDE_1.13.1/STM32CubeIDE_1.14.1/STM32CubeIDE/plugins/com.st.stm32cube.ide.mcu.externaltools.gnu-tools-for-stm32.11.3.rel1.win32_1.1.100.202309141235/tools/bin/../lib/gcc/arm-none-eabi/11.3.1/thumb/v7-m/nofp/crtn.o
 *(.fini)
 .fini          0x000000000800a7e8        0x4 D:/dokumenty/STM32CubeIDE_1.13.1/STM32CubeIDE_1.14.1/STM32CubeIDE/plugins/com.st.stm32cube.ide.mcu.externaltools.gnu-tools-for-stm32.11.3.rel1.win32_1.1.100.202309141235/tools/bin/../lib/gcc/arm-none-eabi/11.3.1/thumb/v7-m/nofp/crti.o
                0x000000000800a7e8                _fini
 .fini          0x000000000800a7ec        0x8 D:/dokumenty/STM32CubeIDE_1.13.1/STM32CubeIDE_1.14.1/STM32CubeIDE/plugins/com.st.stm32cube.ide.mcu.externaltools.gnu-tools-for-stm32.11.3.rel1.win32_1.1.100.202309141235/tools/bin/../lib/gcc/arm-none-eabi/11.3.1/thumb/v7-m/nofp/crtn.o
                0x000000000800a7f4                . = ALIGN (0x4)
                0x000000000800a7f4                _etext = .

.vfp11_veneer   0x000000000800a7f4        0x0
 .vfp11_veneer  0x000000000800a7f4        0x0 linker stubs

.v4_bx          0x000000000800a7f4        0x0
 .v4_bx         0x000000000800a7f4        0x0 linker stubs

.iplt           0x000000000800a7f4        0x0
 .iplt          0x000000000800a7f4        0x0 D:/dokumenty/STM32CubeIDE_1.13.1/STM32CubeIDE_1.14.1/STM32CubeIDE/plugins/com.st.stm32cube.ide.mcu.externaltools.gnu-tools-for-stm32.11.3.rel1.win32_1.1.100.202309141235/tools/bin/../lib/gcc/arm-none-eabi/11.3.1/thumb/v7-m/nofp/crtbegin.o

.rodata         0x000000000800a7f8      0x804
                0x000000000800a7f8                . = ALIGN (0x4)
 *(.rodata)
 .rodata        0x000000000800a7f8       0x4e ./Core/Src/main.o
 *fill*         0x000000000800a846        0x2 
 .rodata        0x000000000800a848       0x2d ./libs/SCPI_Commands.o
 *fill*         0x000000000800a875        0x3 
 .rodata        0x000000000800a878       0x18 ./libs/SCPI_lib.o
 *(.rodata*)
 .rodata.AHBPrescTable
                0x000000000800a890       0x10 ./Core/Src/system_stm32f1xx.o
                0x000000000800a890                AHBPrescTable
 .rodata.APBPrescTable
                0x000000000800a8a0        0x8 ./Core/Src/system_stm32f1xx.o
                0x000000000800a8a0                APBPrescTable
 .rodata.aPLLMULFactorTable.1
                0x000000000800a8a8       0x10 ./Drivers/STM32F1xx_HAL_Driver/Src/stm32f1xx_hal_rcc.o
 .rodata.aPredivFactorTable.0
                0x000000000800a8b8        0x2 ./Drivers/STM32F1xx_HAL_Driver/Src/stm32f1xx_hal_rcc.o
 .rodata._ctype_
                0x000000000800a8ba      0x101 D:/dokumenty/STM32CubeIDE_1.13.1/STM32CubeIDE_1.14.1/STM32CubeIDE/plugins/com.st.stm32cube.ide.mcu.externaltools.gnu-tools-for-stm32.11.3.rel1.win32_1.1.100.202309141235/tools/bin/../lib/gcc/arm-none-eabi/11.3.1/../../../../arm-none-eabi/lib/thumb/v7-m/nofp\libc_nano.a(libc_a-ctype_.o)
                0x000000000800a8ba                _ctype_
 .rodata._printf_float.str1.1
                0x000000000800a9bb       0x12 D:/dokumenty/STM32CubeIDE_1.13.1/STM32CubeIDE_1.14.1/STM32CubeIDE/plugins/com.st.stm32cube.ide.mcu.externaltools.gnu-tools-for-stm32.11.3.rel1.win32_1.1.100.202309141235/tools/bin/../lib/gcc/arm-none-eabi/11.3.1/../../../../arm-none-eabi/lib/thumb/v7-m/nofp\libc_nano.a(libc_a-nano-vfprintf_float.o)
 .rodata._printf_i.str1.1
                0x000000000800a9cd       0x22 D:/dokumenty/STM32CubeIDE_1.13.1/STM32CubeIDE_1.14.1/STM32CubeIDE/plugins/com.st.stm32cube.ide.mcu.externaltools.gnu-tools-for-stm32.11.3.rel1.win32_1.1.100.202309141235/tools/bin/../lib/gcc/arm-none-eabi/11.3.1/../../../../arm-none-eabi/lib/thumb/v7-m/nofp\libc_nano.a(libc_a-nano-vfprintf_i.o)
 .rodata._dtoa_r.str1.1
                0x000000000800a9ef       0x8d D:/dokumenty/STM32CubeIDE_1.13.1/STM32CubeIDE_1.14.1/STM32CubeIDE/plugins/com.st.stm32cube.ide.mcu.externaltools.gnu-tools-for-stm32.11.3.rel1.win32_1.1.100.202309141235/tools/bin/../lib/gcc/arm-none-eabi/11.3.1/../../../../arm-none-eabi/lib/thumb/v7-m/nofp\libc_nano.a(libc_a-dtoa.o)
                                         0x8f (size before relaxing)
 .rodata._Balloc.str1.1
                0x000000000800aa7c       0x59 D:/dokumenty/STM32CubeIDE_1.13.1/STM32CubeIDE_1.14.1/STM32CubeIDE/plugins/com.st.stm32cube.ide.mcu.externaltools.gnu-tools-for-stm32.11.3.rel1.win32_1.1.100.202309141235/tools/bin/../lib/gcc/arm-none-eabi/11.3.1/../../../../arm-none-eabi/lib/thumb/v7-m/nofp\libc_nano.a(libc_a-mprec.o)
                                         0x70 (size before relaxing)
 .rodata.__multadd.str1.1
                0x000000000800aad5       0x11 D:/dokumenty/STM32CubeIDE_1.13.1/STM32CubeIDE_1.14.1/STM32CubeIDE/plugins/com.st.stm32cube.ide.mcu.externaltools.gnu-tools-for-stm32.11.3.rel1.win32_1.1.100.202309141235/tools/bin/../lib/gcc/arm-none-eabi/11.3.1/../../../../arm-none-eabi/lib/thumb/v7-m/nofp\libc_nano.a(libc_a-mprec.o)
 *fill*         0x000000000800aad5        0x3 
 .rodata.__mprec_bigtens
                0x000000000800aad8       0x28 D:/dokumenty/STM32CubeIDE_1.13.1/STM32CubeIDE_1.14.1/STM32CubeIDE/plugins/com.st.stm32cube.ide.mcu.externaltools.gnu-tools-for-stm32.11.3.rel1.win32_1.1.100.202309141235/tools/bin/../lib/gcc/arm-none-eabi/11.3.1/../../../../arm-none-eabi/lib/thumb/v7-m/nofp\libc_nano.a(libc_a-mprec.o)
                0x000000000800aad8                __mprec_bigtens
 .rodata.__mprec_tens
                0x000000000800ab00       0xc8 D:/dokumenty/STM32CubeIDE_1.13.1/STM32CubeIDE_1.14.1/STM32CubeIDE/plugins/com.st.stm32cube.ide.mcu.externaltools.gnu-tools-for-stm32.11.3.rel1.win32_1.1.100.202309141235/tools/bin/../lib/gcc/arm-none-eabi/11.3.1/../../../../arm-none-eabi/lib/thumb/v7-m/nofp\libc_nano.a(libc_a-mprec.o)
                0x000000000800ab00                __mprec_tens
 .rodata.p05.0  0x000000000800abc8        0xc D:/dokumenty/STM32CubeIDE_1.13.1/STM32CubeIDE_1.14.1/STM32CubeIDE/plugins/com.st.stm32cube.ide.mcu.externaltools.gnu-tools-for-stm32.11.3.rel1.win32_1.1.100.202309141235/tools/bin/../lib/gcc/arm-none-eabi/11.3.1/../../../../arm-none-eabi/lib/thumb/v7-m/nofp\libc_nano.a(libc_a-mprec.o)
 .rodata._svfprintf_r.str1.1
                0x000000000800abd4       0x11 D:/dokumenty/STM32CubeIDE_1.13.1/STM32CubeIDE_1.14.1/STM32CubeIDE/plugins/com.st.stm32cube.ide.mcu.externaltools.gnu-tools-for-stm32.11.3.rel1.win32_1.1.100.202309141235/tools/bin/../lib/gcc/arm-none-eabi/11.3.1/../../../../arm-none-eabi/lib/thumb/v7-m/nofp\libc_nano.a(libc_a-nano-svfprintf.o)
 .rodata._setlocale_r.str1.1
                0x000000000800abe5        0x8 D:/dokumenty/STM32CubeIDE_1.13.1/STM32CubeIDE_1.14.1/STM32CubeIDE/plugins/com.st.stm32cube.ide.mcu.externaltools.gnu-tools-for-stm32.11.3.rel1.win32_1.1.100.202309141235/tools/bin/../lib/gcc/arm-none-eabi/11.3.1/../../../../arm-none-eabi/lib/thumb/v7-m/nofp\libc_nano.a(libc_a-locale.o)
                                          0x9 (size before relaxing)
 .rodata.str1.1
                0x000000000800abed        0x2 D:/dokumenty/STM32CubeIDE_1.13.1/STM32CubeIDE_1.14.1/STM32CubeIDE/plugins/com.st.stm32cube.ide.mcu.externaltools.gnu-tools-for-stm32.11.3.rel1.win32_1.1.100.202309141235/tools/bin/../lib/gcc/arm-none-eabi/11.3.1/../../../../arm-none-eabi/lib/thumb/v7-m/nofp\libc_nano.a(libc_a-locale.o)
 .rodata.__assert_func.str1.1
                0x000000000800abef       0x3c D:/dokumenty/STM32CubeIDE_1.13.1/STM32CubeIDE_1.14.1/STM32CubeIDE/plugins/com.st.stm32cube.ide.mcu.externaltools.gnu-tools-for-stm32.11.3.rel1.win32_1.1.100.202309141235/tools/bin/../lib/gcc/arm-none-eabi/11.3.1/../../../../arm-none-eabi/lib/thumb/v7-m/nofp\libc_nano.a(libc_a-assert.o)
                                         0x3d (size before relaxing)
 .rodata._vfprintf_r.str1.1
                0x000000000800ac2b       0x11 D:/dokumenty/STM32CubeIDE_1.13.1/STM32CubeIDE_1.14.1/STM32CubeIDE/plugins/com.st.stm32cube.ide.mcu.externaltools.gnu-tools-for-stm32.11.3.rel1.win32_1.1.100.202309141235/tools/bin/../lib/gcc/arm-none-eabi/11.3.1/../../../../arm-none-eabi/lib/thumb/v7-m/nofp\libc_nano.a(libc_a-nano-vfprintf.o)
 *fill*         0x000000000800ac2b        0x1 
 .rodata.npio2_hw
                0x000000000800ac2c       0x80 D:/dokumenty/STM32CubeIDE_1.13.1/STM32CubeIDE_1.14.1/STM32CubeIDE/plugins/com.st.stm32cube.ide.mcu.externaltools.gnu-tools-for-stm32.11.3.rel1.win32_1.1.100.202309141235/tools/bin/../lib/gcc/arm-none-eabi/11.3.1/../../../../arm-none-eabi/lib/thumb/v7-m/nofp\libm.a(libm_a-ef_rem_pio2.o)
 .rodata.two_over_pi
                0x000000000800acac      0x318 D:/dokumenty/STM32CubeIDE_1.13.1/STM32CubeIDE_1.14.1/STM32CubeIDE/plugins/com.st.stm32cube.ide.mcu.externaltools.gnu-tools-for-stm32.11.3.rel1.win32_1.1.100.202309141235/tools/bin/../lib/gcc/arm-none-eabi/11.3.1/../../../../arm-none-eabi/lib/thumb/v7-m/nofp\libm.a(libm_a-ef_rem_pio2.o)
 .rodata.PIo2   0x000000000800afc4       0x2c D:/dokumenty/STM32CubeIDE_1.13.1/STM32CubeIDE_1.14.1/STM32CubeIDE/plugins/com.st.stm32cube.ide.mcu.externaltools.gnu-tools-for-stm32.11.3.rel1.win32_1.1.100.202309141235/tools/bin/../lib/gcc/arm-none-eabi/11.3.1/../../../../arm-none-eabi/lib/thumb/v7-m/nofp\libm.a(libm_a-kf_rem_pio2.o)
 .rodata.init_jk
                0x000000000800aff0        0xc D:/dokumenty/STM32CubeIDE_1.13.1/STM32CubeIDE_1.14.1/STM32CubeIDE/plugins/com.st.stm32cube.ide.mcu.externaltools.gnu-tools-for-stm32.11.3.rel1.win32_1.1.100.202309141235/tools/bin/../lib/gcc/arm-none-eabi/11.3.1/../../../../arm-none-eabi/lib/thumb/v7-m/nofp\libm.a(libm_a-kf_rem_pio2.o)
                0x000000000800affc                . = ALIGN (0x4)

.ARM.extab      0x000000000800affc        0x0
                0x000000000800affc                . = ALIGN (0x4)
 *(.ARM.extab* .gnu.linkonce.armextab.*)
                0x000000000800affc                . = ALIGN (0x4)

.ARM            0x000000000800affc        0x8
                0x000000000800affc                . = ALIGN (0x4)
                0x000000000800affc                __exidx_start = .
 *(.ARM.exidx*)
 .ARM.exidx     0x000000000800affc        0x8 D:/dokumenty/STM32CubeIDE_1.13.1/STM32CubeIDE_1.14.1/STM32CubeIDE/plugins/com.st.stm32cube.ide.mcu.externaltools.gnu-tools-for-stm32.11.3.rel1.win32_1.1.100.202309141235/tools/bin/../lib/gcc/arm-none-eabi/11.3.1/thumb/v7-m/nofp\libgcc.a(_udivmoddi4.o)
                0x000000000800b004                __exidx_end = .
                0x000000000800b004                . = ALIGN (0x4)

.rel.dyn        0x000000000800b004        0x0
 .rel.iplt      0x000000000800b004        0x0 D:/dokumenty/STM32CubeIDE_1.13.1/STM32CubeIDE_1.14.1/STM32CubeIDE/plugins/com.st.stm32cube.ide.mcu.externaltools.gnu-tools-for-stm32.11.3.rel1.win32_1.1.100.202309141235/tools/bin/../lib/gcc/arm-none-eabi/11.3.1/thumb/v7-m/nofp/crtbegin.o

.preinit_array  0x000000000800b004        0x0
                0x000000000800b004                . = ALIGN (0x4)
                0x000000000800b004                PROVIDE (__preinit_array_start = .)
 *(.preinit_array*)
                0x000000000800b004                PROVIDE (__preinit_array_end = .)
                0x000000000800b004                . = ALIGN (0x4)

.init_array     0x000000000800b004        0x4
                0x000000000800b004                . = ALIGN (0x4)
                0x000000000800b004                PROVIDE (__init_array_start = .)
 *(SORT_BY_NAME(.init_array.*))
 *(.init_array*)
 .init_array    0x000000000800b004        0x4 D:/dokumenty/STM32CubeIDE_1.13.1/STM32CubeIDE_1.14.1/STM32CubeIDE/plugins/com.st.stm32cube.ide.mcu.externaltools.gnu-tools-for-stm32.11.3.rel1.win32_1.1.100.202309141235/tools/bin/../lib/gcc/arm-none-eabi/11.3.1/thumb/v7-m/nofp/crtbegin.o
                0x000000000800b008                PROVIDE (__init_array_end = .)
                0x000000000800b008                . = ALIGN (0x4)

.fini_array     0x000000000800b008        0x4
                0x000000000800b008                . = ALIGN (0x4)
                [!provide]                        PROVIDE (__fini_array_start = .)
 *(SORT_BY_NAME(.fini_array.*))
 *(.fini_array*)
 .fini_array    0x000000000800b008        0x4 D:/dokumenty/STM32CubeIDE_1.13.1/STM32CubeIDE_1.14.1/STM32CubeIDE/plugins/com.st.stm32cube.ide.mcu.externaltools.gnu-tools-for-stm32.11.3.rel1.win32_1.1.100.202309141235/tools/bin/../lib/gcc/arm-none-eabi/11.3.1/thumb/v7-m/nofp/crtbegin.o
                [!provide]                        PROVIDE (__fini_array_end = .)
                0x000000000800b00c                . = ALIGN (0x4)
                0x000000000800b00c                _sidata = LOADADDR (.data)

.data           0x0000000020000000      0x1f0 load address 0x000000000800b00c
                0x0000000020000000                . = ALIGN (0x4)
                0x0000000020000000                _sdata = .
 *(.data)
 *(.data*)
 .data.SystemCoreClock
                0x0000000020000000        0x4 ./Core/Src/system_stm32f1xx.o
                0x0000000020000000                SystemCoreClock
 .data.uwTickPrio
                0x0000000020000004        0x4 ./Drivers/STM32F1xx_HAL_Driver/Src/stm32f1xx_hal.o
                0x0000000020000004                uwTickPrio
 .data.uwTickFreq
                0x0000000020000008        0x1 ./Drivers/STM32F1xx_HAL_Driver/Src/stm32f1xx_hal.o
                0x0000000020000008                uwTickFreq
 *fill*         0x0000000020000009        0x3 
 .data.paramsList
                0x000000002000000c        0xc ./libs/SCPI_lib.o
                0x000000002000000c                paramsList
 .data.paramsLength
                0x0000000020000018        0x4 ./libs/SCPI_lib.o
                0x0000000020000018                paramsLength
 .data.defaultClassIndex
                0x000000002000001c        0x4 ./libs/SCPI_lib.o
                0x000000002000001c                defaultClassIndex
 .data.output_register_state_low
                0x0000000020000020        0x1 ./libs/TCA9555.o
                0x0000000020000020                output_register_state_low
 .data.output_register_state_high
                0x0000000020000021        0x1 ./libs/TCA9555.o
                0x0000000020000021                output_register_state_high
 .data.pinmode_register_state_low
                0x0000000020000022        0x1 ./libs/TCA9555.o
                0x0000000020000022                pinmode_register_state_low
 .data.pinmode_register_state_high
                0x0000000020000023        0x1 ./libs/TCA9555.o
                0x0000000020000023                pinmode_register_state_high
 .data.TCA_address
                0x0000000020000024        0x1 ./libs/TCA9555.o
                0x0000000020000024                TCA_address
 *fill*         0x0000000020000025        0x3 
 .data.__sglue  0x0000000020000028        0xc D:/dokumenty/STM32CubeIDE_1.13.1/STM32CubeIDE_1.14.1/STM32CubeIDE/plugins/com.st.stm32cube.ide.mcu.externaltools.gnu-tools-for-stm32.11.3.rel1.win32_1.1.100.202309141235/tools/bin/../lib/gcc/arm-none-eabi/11.3.1/../../../../arm-none-eabi/lib/thumb/v7-m/nofp\libc_nano.a(libc_a-findfp.o)
                0x0000000020000028                __sglue
 .data._impure_data