../Core/Src/main.c:99:5:main	144	static
../Core/Src/main.c:239:6:SystemClock_Config	88	static
../Core/Src/main.c:286:13:MX_ADC1_Init	24	static
../Core/Src/main.c:333:13:MX_I2C1_Init	8	static
../Core/Src/main.c:367:13:MX_SPI1_Init	8	static
../Core/Src/main.c:405:13:MX_TIM4_Init	32	static
../Core/Src/main.c:450:13:MX_USART1_UART_Init	8	static
../Core/Src/main.c:483:13:MX_GPIO_Init	40	static
../Core/Src/main.c:554:6:HAL_UARTEx_RxEventCallback	16	static
../Core/Src/main.c:559:6:HAL_TIM_PeriodElapsedCallback	16	static
../Core/Src/main.c:569:6:Error_Handler	4	static,ignoring_inline_asm
