../Core/Src/main.c:100:5:main	6
../Core/Src/main.c:323:6:SystemClock_Config	4
../Core/Src/main.c:370:13:MX_ADC1_Init	5
../Core/Src/main.c:435:13:MX_I2C1_Init	2
../Core/Src/main.c:469:13:MX_SPI1_Init	2
../Core/Src/main.c:507:13:MX_TIM2_Init	4
../Core/Src/main.c:556:13:MX_TIM3_Init	4
../Core/Src/main.c:604:13:MX_TIM4_Init	4
../Core/Src/main.c:649:13:MX_USART1_UART_Init	2
../Core/Src/main.c:680:13:MX_DMA_Init	1
../Core/Src/main.c:698:13:MX_GPIO_Init	1
../Core/Src/main.c:772:6:HAL_UARTEx_RxEventCallback	1
../Core/Src/main.c:781:6:HAL_ADC_ConvCpltCallback	1
../Core/Src/main.c:806:6:Error_Handler	1
