../Core/Src/main.c:99:5:main	112	static
../Core/Src/main.c:226:6:SystemClock_Config	88	static
../Core/Src/main.c:273:13:MX_ADC1_Init	24	static
../Core/Src/main.c:320:13:MX_I2C1_Init	8	static
../Core/Src/main.c:354:13:MX_SPI1_Init	8	static
../Core/Src/main.c:392:13:MX_TIM4_Init	32	static
../Core/Src/main.c:437:13:MX_USART1_UART_Init	8	static
../Core/Src/main.c:470:13:MX_GPIO_Init	40	static
../Core/Src/main.c:541:6:HAL_UARTEx_RxEventCallback	32	static
../Core/Src/main.c:574:6:HAL_TIM_PeriodElapsedCallback	16	static
../Core/Src/main.c:584:6:Error_Handler	4	static,ignoring_inline_asm
